Archive member included to satisfy reference by file (symbol)

/home/hxu256/.pico-sdk/toolchain/13_2_Rel1/bin/../lib/gcc/arm-none-eabi/13.2.1/thumb/v6-m/nofp/libgcc.a(_dvmd_tls.o)
                              CMakeFiles/pwm_freq_multiplier_pio.dir/home/hxu256/.pico-sdk/sdk/2.0.0/src/rp2_common/pico_divider/divider_hardware.S.obj (__aeabi_idiv0)
/home/hxu256/.pico-sdk/toolchain/13_2_Rel1/bin/../lib/gcc/arm-none-eabi/13.2.1/../../../../arm-none-eabi/lib/thumb/v6-m/nofp/libg.a(libc_a-lcltime_r.o)
                              CMakeFiles/pwm_freq_multiplier_pio.dir/home/hxu256/.pico-sdk/sdk/2.0.0/src/common/pico_util/datetime.c.obj (localtime_r)
/home/hxu256/.pico-sdk/toolchain/13_2_Rel1/bin/../lib/gcc/arm-none-eabi/13.2.1/../../../../arm-none-eabi/lib/thumb/v6-m/nofp/libg.a(libc_a-mktime.o)
                              CMakeFiles/pwm_freq_multiplier_pio.dir/home/hxu256/.pico-sdk/sdk/2.0.0/src/common/pico_util/datetime.c.obj (mktime)
/home/hxu256/.pico-sdk/toolchain/13_2_Rel1/bin/../lib/gcc/arm-none-eabi/13.2.1/../../../../arm-none-eabi/lib/thumb/v6-m/nofp/libg.a(libc_a-month_lengths.o)
                              /home/hxu256/.pico-sdk/toolchain/13_2_Rel1/bin/../lib/gcc/arm-none-eabi/13.2.1/../../../../arm-none-eabi/lib/thumb/v6-m/nofp/libg.a(libc_a-lcltime_r.o) (__month_lengths)
/home/hxu256/.pico-sdk/toolchain/13_2_Rel1/bin/../lib/gcc/arm-none-eabi/13.2.1/../../../../arm-none-eabi/lib/thumb/v6-m/nofp/libg.a(libc_a-tzcalc_limits.o)
                              /home/hxu256/.pico-sdk/toolchain/13_2_Rel1/bin/../lib/gcc/arm-none-eabi/13.2.1/../../../../arm-none-eabi/lib/thumb/v6-m/nofp/libg.a(libc_a-lcltime_r.o) (__tzcalc_limits)
/home/hxu256/.pico-sdk/toolchain/13_2_Rel1/bin/../lib/gcc/arm-none-eabi/13.2.1/../../../../arm-none-eabi/lib/thumb/v6-m/nofp/libg.a(libc_a-tzlock.o)
                              /home/hxu256/.pico-sdk/toolchain/13_2_Rel1/bin/../lib/gcc/arm-none-eabi/13.2.1/../../../../arm-none-eabi/lib/thumb/v6-m/nofp/libg.a(libc_a-lcltime_r.o) (__tz_lock)
/home/hxu256/.pico-sdk/toolchain/13_2_Rel1/bin/../lib/gcc/arm-none-eabi/13.2.1/../../../../arm-none-eabi/lib/thumb/v6-m/nofp/libg.a(libc_a-malloc.o)
                              CMakeFiles/pwm_freq_multiplier_pio.dir/home/hxu256/.pico-sdk/sdk/2.0.0/src/rp2_common/pico_malloc/malloc.c.obj (malloc)
/home/hxu256/.pico-sdk/toolchain/13_2_Rel1/bin/../lib/gcc/arm-none-eabi/13.2.1/../../../../arm-none-eabi/lib/thumb/v6-m/nofp/libg.a(libc_a-mallocr.o)
                              /home/hxu256/.pico-sdk/toolchain/13_2_Rel1/bin/../lib/gcc/arm-none-eabi/13.2.1/../../../../arm-none-eabi/lib/thumb/v6-m/nofp/libg.a(libc_a-malloc.o) (_malloc_r)
/home/hxu256/.pico-sdk/toolchain/13_2_Rel1/bin/../lib/gcc/arm-none-eabi/13.2.1/../../../../arm-none-eabi/lib/thumb/v6-m/nofp/libg.a(libc_a-memcmp.o)
                              CMakeFiles/pwm_freq_multiplier_pio.dir/home/hxu256/.pico-sdk/sdk/2.0.0/src/rp2_common/pico_atomic/atomic.c.obj (memcmp)
/home/hxu256/.pico-sdk/toolchain/13_2_Rel1/bin/../lib/gcc/arm-none-eabi/13.2.1/../../../../arm-none-eabi/lib/thumb/v6-m/nofp/libg.a(libc_a-tzset.o)
                              /home/hxu256/.pico-sdk/toolchain/13_2_Rel1/bin/../lib/gcc/arm-none-eabi/13.2.1/../../../../arm-none-eabi/lib/thumb/v6-m/nofp/libg.a(libc_a-lcltime_r.o) (_tzset_unlocked)
/home/hxu256/.pico-sdk/toolchain/13_2_Rel1/bin/../lib/gcc/arm-none-eabi/13.2.1/../../../../arm-none-eabi/lib/thumb/v6-m/nofp/libg.a(libc_a-tzset_r.o)
                              /home/hxu256/.pico-sdk/toolchain/13_2_Rel1/bin/../lib/gcc/arm-none-eabi/13.2.1/../../../../arm-none-eabi/lib/thumb/v6-m/nofp/libg.a(libc_a-tzset.o) (_tzset_unlocked_r)
/home/hxu256/.pico-sdk/toolchain/13_2_Rel1/bin/../lib/gcc/arm-none-eabi/13.2.1/../../../../arm-none-eabi/lib/thumb/v6-m/nofp/libg.a(libc_a-init.o)
                              /home/hxu256/.pico-sdk/toolchain/13_2_Rel1/bin/../lib/gcc/arm-none-eabi/13.2.1/../../../../arm-none-eabi/lib/thumb/v6-m/nofp/crt0.o (__libc_init_array)
/home/hxu256/.pico-sdk/toolchain/13_2_Rel1/bin/../lib/gcc/arm-none-eabi/13.2.1/../../../../arm-none-eabi/lib/thumb/v6-m/nofp/libg.a(libc_a-tzvars.o)
                              /home/hxu256/.pico-sdk/toolchain/13_2_Rel1/bin/../lib/gcc/arm-none-eabi/13.2.1/../../../../arm-none-eabi/lib/thumb/v6-m/nofp/libg.a(libc_a-tzset_r.o) (_timezone)
/home/hxu256/.pico-sdk/toolchain/13_2_Rel1/bin/../lib/gcc/arm-none-eabi/13.2.1/../../../../arm-none-eabi/lib/thumb/v6-m/nofp/libg.a(libc_a-lock.o)
                              /home/hxu256/.pico-sdk/toolchain/13_2_Rel1/bin/../lib/gcc/arm-none-eabi/13.2.1/../../../../arm-none-eabi/lib/thumb/v6-m/nofp/libg.a(libc_a-tzlock.o) (__retarget_lock_acquire)
/home/hxu256/.pico-sdk/toolchain/13_2_Rel1/bin/../lib/gcc/arm-none-eabi/13.2.1/../../../../arm-none-eabi/lib/thumb/v6-m/nofp/libg.a(libc_a-sysconf.o)
                              /home/hxu256/.pico-sdk/toolchain/13_2_Rel1/bin/../lib/gcc/arm-none-eabi/13.2.1/../../../../arm-none-eabi/lib/thumb/v6-m/nofp/libg.a(libc_a-mallocr.o) (sysconf)
[...]
Memory Configuration

Name             Origin             Length             Attributes
FLASH            0x10000000         0x00200000         xr
RAM              0x20000000         0x00040000         xrw
SCRATCH_X        0x20040000         0x00001000         xrw
SCRATCH_Y        0x20041000         0x00001000         xrw
*default*        0x00000000         0xffffffff

Linker script and memory map

LOAD /home/hxu256/.pico-sdk/toolchain/13_2_Rel1/bin/../lib/gcc/arm-none-eabi/13.2.1/thumb/v6-m/nofp/crti.o
LOAD /home/hxu256/.pico-sdk/toolchain/13_2_Rel1/bin/../lib/gcc/arm-none-eabi/13.2.1/thumb/v6-m/nofp/crtbegin.o
LOAD /home/hxu256/.pico-sdk/toolchain/13_2_Rel1/bin/../lib/gcc/arm-none-eabi/13.2.1/../../../../arm-none-eabi/lib/thumb/v6-m/nofp/crt0.o

.flash_begin    0x10000000        0x0
                0x10000000                        __flash_binary_start = .

.boot2          0x10000000      0x100
                0x10000000                        __boot2_start__ = .
 *(.boot2)
 .boot2         0x10000000      0x100 /tmp/ccQCEoiB.o
                0x10000100                        __boot2_end__ = .
                0x00000001                        ASSERT (((__boot2_end__ - __boot2_start__) == 0x100), ERROR: Pico second stage bootloader must be 256 bytes in size)

.text           0x10000100     0x4290
                0x10000100                        __logical_binary_start = .
 *(.vectors)
 .vectors       0x10000100       0xd4 CMakeFiles/pwm_freq_multiplier_pio.dir/home/hxu256/.pico-sdk/sdk/2.0.0/src/rp2_common/pico_crt0/crt0.S.obj
                0x10000100                __vectors
                0x10000100                __VECTOR_TABLE
                0x100001c0                isr_invalid
                0x100001c0                __default_isrs_start
                0x100001c2                isr_nmi
                0x100001c4                isr_hardfault
                0x100001c6                isr_svcall
                0x100001c8                isr_pendsv
                0x100001ca                isr_systick
                0x100001cc                isr_irq30
                0x100001cc                __unhandled_user_irq
                0x100001cc                isr_irq13
                0x100001cc                isr_irq27
                0x100001cc                isr_irq31
                0x100001cc                isr_irq5
                0x100001cc                isr_irq11
                0x100001cc                isr_irq23
                0x100001cc                isr_irq18
                0x100001cc                isr_irq28
                0x100001cc                isr_irq19
                0x100001cc                isr_irq0
                0x100001cc                isr_irq6
                0x100001cc                isr_irq22
                0x100001cc                isr_irq17
                0x100001cc                isr_irq14
                0x100001cc                isr_irq2
                0x100001cc                isr_irq10
                0x100001cc                isr_irq8
                0x100001cc                isr_irq24
                0x100001cc                isr_irq1
                0x100001cc                isr_irq7
                0x100001cc                isr_irq21
                0x100001cc                isr_irq20
                0x100001cc                isr_irq15
                0x100001cc                isr_irq25
                0x100001cc                isr_irq4
                0x100001cc                isr_irq16
                0x100001cc                isr_irq29
                0x100001cc                isr_irq26
                0x100001cc                __default_isrs_end
                0x100001cc                isr_irq3
                0x100001cc                isr_irq12
                0x100001cc                isr_irq9
                0x100001d2                unhandled_user_irq_num_in_r0
 *(.binary_info_header)
 .binary_info_header
                0x100001d4       0x14 CMakeFiles/pwm_freq_multiplier_pio.dir/home/hxu256/.pico-sdk/sdk/2.0.0/src/rp2_common/pico_crt0/crt0.S.obj
                0x100001e8                        __binary_info_header_end = .
 *(.embedded_block)
                0x100001e8                        __embedded_block_end = .
 *(.reset)
 .reset         0x100001e8       0x9c CMakeFiles/pwm_freq_multiplier_pio.dir/home/hxu256/.pico-sdk/sdk/2.0.0/src/rp2_common/pico_crt0/crt0.S.obj
                0x100001e8                _entry_point
 *(.init)
 .init          0x10000284        0x4 /home/hxu256/.pico-sdk/toolchain/13_2_Rel1/bin/../lib/gcc/arm-none-eabi/13.2.1/thumb/v6-m/nofp/crti.o
                0x10000284                _init
 *(EXCLUDE_FILE(*libm.a: *libc.a:*lib_a-mem*.o *libgcc.a:) .text*)
 .text.register_tm_clones
                0x10000288       0x28 /home/hxu256/.pico-sdk/toolchain/13_2_Rel1/bin/../lib/gcc/arm-none-eabi/13.2.1/thumb/v6-m/nofp/crtbegin.o
 .text.frame_dummy
                0x100002b0       0x24 /home/hxu256/.pico-sdk/toolchain/13_2_Rel1/bin/../lib/gcc/arm-none-eabi/13.2.1/thumb/v6-m/nofp/crtbegin.o
 .text.pwm_freq_multiplier_pio_init
                0x100002d4       0xd8 CMakeFiles/pwm_freq_multiplier_pio.dir/pwm_freq_multiplier_pio.c.obj
                0x100002d4                pwm_freq_multiplier_pio_init
 .text.startup.main
                0x100003ac       0x58 CMakeFiles/pwm_freq_multiplier_pio.dir/pwm_freq_multiplier_pio.c.obj
                0x100003ac                main
 .text.gpio_set_function
                0x10000404       0x34 CMakeFiles/pwm_freq_multiplier_pio.dir/home/hxu256/.pico-sdk/sdk/2.0.0/src/rp2_common/hardware_gpio/gpio.c.obj
                0x10000404                gpio_set_function
 .text.panic    0x10000438       0x30 CMakeFiles/pwm_freq_multiplier_pio.dir/home/hxu256/.pico-sdk/sdk/2.0.0/src/rp2_common/pico_platform_panic/panic.c.obj
                0x10000438                panic
 .text.hw_claim_lock
                0x10000468       0x18 CMakeFiles/pwm_freq_multiplier_pio.dir/home/hxu256/.pico-sdk/sdk/2.0.0/src/common/hardware_claim/claim.c.obj
                0x10000468                hw_claim_lock
 .text.hw_claim_unlock
                0x10000480       0x14 CMakeFiles/pwm_freq_multiplier_pio.dir/home/hxu256/.pico-sdk/sdk/2.0.0/src/common/hardware_claim/claim.c.obj
                0x10000480                hw_claim_unlock
 .text.hw_claim_or_assert
                0x10000494       0x44 CMakeFiles/pwm_freq_multiplier_pio.dir/home/hxu256/.pico-sdk/sdk/2.0.0/src/common/hardware_claim/claim.c.obj
                0x10000494                hw_claim_or_assert
 .text.hw_claim_unused_from_range
                0x100004d8       0x9c CMakeFiles/pwm_freq_multiplier_pio.dir/home/hxu256/.pico-sdk/sdk/2.0.0/src/common/hardware_claim/claim.c.obj
                0x100004d8                hw_claim_unused_from_range
 .text.next_striped_spin_lock_num
                0x10000574       0x18 CMakeFiles/pwm_freq_multiplier_pio.dir/home/hxu256/.pico-sdk/sdk/2.0.0/src/rp2_common/hardware_sync/sync.c.obj
                0x10000574                next_striped_spin_lock_num
 .text.spin_locks_reset
                0x1000058c       0x1c CMakeFiles/pwm_freq_multiplier_pio.dir/home/hxu256/.pico-sdk/sdk/2.0.0/src/rp2_common/hardware_sync_spin_lock/sync_spin_lock.c.obj
                0x1000058c                spin_locks_reset
 .text.runtime_init_per_core_irq_priorities
                0x100005a8       0x24 CMakeFiles/pwm_freq_multiplier_pio.dir/home/hxu256/.pico-sdk/sdk/2.0.0/src/rp2_common/hardware_irq/irq.c.obj
                0x100005a8                runtime_init_per_core_irq_priorities
 .text.irq_set_enabled
                0x100005cc       0x24 CMakeFiles/pwm_freq_multiplier_pio.dir/home/hxu256/.pico-sdk/sdk/2.0.0/src/rp2_common/hardware_irq/irq.c.obj
                0x100005cc                irq_set_enabled
 .text.irq_set_exclusive_handler
                0x100005f0       0x54 CMakeFiles/pwm_freq_multiplier_pio.dir/home/hxu256/.pico-sdk/sdk/2.0.0/src/rp2_common/hardware_irq/irq.c.obj
                0x100005f0                irq_set_exclusive_handler
 .text.irq_remove_handler
                0x10000644      0x1d4 CMakeFiles/pwm_freq_multiplier_pio.dir/home/hxu256/.pico-sdk/sdk/2.0.0/src/rp2_common/hardware_irq/irq.c.obj
                0x10000644                irq_remove_handler
 .text.irq_add_tail_to_free_list
                0x10000818       0xb4 CMakeFiles/pwm_freq_multiplier_pio.dir/home/hxu256/.pico-sdk/sdk/2.0.0/src/rp2_common/hardware_irq/irq.c.obj
                0x10000818                irq_add_tail_to_free_list
 .text.lock_init
                0x100008cc       0x10 CMakeFiles/pwm_freq_multiplier_pio.dir/home/hxu256/.pico-sdk/sdk/2.0.0/src/common/pico_sync/lock_core.c.obj
                0x100008cc                lock_init
 .text.runtime_init_mutex
                0x100008dc       0x50 CMakeFiles/pwm_freq_multiplier_pio.dir/home/hxu256/.pico-sdk/sdk/2.0.0/src/common/pico_sync/mutex.c.obj
                0x100008dc                runtime_init_mutex
 .text.sleep_until_callback
                0x1000092c       0x30 CMakeFiles/pwm_freq_multiplier_pio.dir/home/hxu256/.pico-sdk/sdk/2.0.0/src/common/pico_time/time.c.obj
 .text.alarm_pool_irq_handler
                0x1000095c      0x2e4 CMakeFiles/pwm_freq_multiplier_pio.dir/home/hxu256/.pico-sdk/sdk/2.0.0/src/common/pico_time/time.c.obj
 .text.runtime_init_default_alarm_pool
                0x10000c40       0xdc CMakeFiles/pwm_freq_multiplier_pio.dir/home/hxu256/.pico-sdk/sdk/2.0.0/src/common/pico_time/time.c.obj
                0x10000c40                runtime_init_default_alarm_pool
 .text.alarm_pool_cancel_alarm
                0x10000d1c       0x74 CMakeFiles/pwm_freq_multiplier_pio.dir/home/hxu256/.pico-sdk/sdk/2.0.0/src/common/pico_time/time.c.obj
                0x10000d1c                alarm_pool_cancel_alarm
 .text.best_effort_wfe_or_timeout
                0x10000d90      0x134 CMakeFiles/pwm_freq_multiplier_pio.dir/home/hxu256/.pico-sdk/sdk/2.0.0/src/common/pico_time/time.c.obj
                0x10000d90                best_effort_wfe_or_timeout
 .text.timer_hardware_alarm_claim
                0x10000ec4       0x14 CMakeFiles/pwm_freq_multiplier_pio.dir/home/hxu256/.pico-sdk/sdk/2.0.0/src/rp2_common/hardware_timer/timer.c.obj
                0x10000ec4                timer_hardware_alarm_claim
 .text.timer_time_us_64
                0x10000ed8       0x10 CMakeFiles/pwm_freq_multiplier_pio.dir/home/hxu256/.pico-sdk/sdk/2.0.0/src/rp2_common/hardware_timer/timer.c.obj
                0x10000ed8                timer_time_us_64
 .text.time_us_64
                0x10000ee8       0x14 CMakeFiles/pwm_freq_multiplier_pio.dir/home/hxu256/.pico-sdk/sdk/2.0.0/src/rp2_common/hardware_timer/timer.c.obj
                0x10000ee8                time_us_64
 .text.busy_wait_us
                0x10000efc       0x68 CMakeFiles/pwm_freq_multiplier_pio.dir/home/hxu256/.pico-sdk/sdk/2.0.0/src/rp2_common/hardware_timer/timer.c.obj
                0x10000efc                busy_wait_us
 .text.uart_init
                0x10000f64      0x120 CMakeFiles/pwm_freq_multiplier_pio.dir/home/hxu256/.pico-sdk/sdk/2.0.0/src/rp2_common/hardware_uart/uart.c.obj
                0x10000f64                uart_init
 .text.clock_configure_int_divider
                0x10001084       0xf4 CMakeFiles/pwm_freq_multiplier_pio.dir/home/hxu256/.pico-sdk/sdk/2.0.0/src/rp2_common/hardware_clocks/clocks.c.obj
                0x10001084                clock_configure_int_divider
 .text.clock_configure_undivided
                0x10001178       0xe8 CMakeFiles/pwm_freq_multiplier_pio.dir/home/hxu256/.pico-sdk/sdk/2.0.0/src/rp2_common/hardware_clocks/clocks.c.obj
                0x10001178                clock_configure_undivided
 .text.clock_get_hz
                0x10001260        0xc CMakeFiles/pwm_freq_multiplier_pio.dir/home/hxu256/.pico-sdk/sdk/2.0.0/src/rp2_common/hardware_clocks/clocks.c.obj
                0x10001260                clock_get_hz
 .text.pll_init
                0x1000126c       0xa4 CMakeFiles/pwm_freq_multiplier_pio.dir/home/hxu256/.pico-sdk/sdk/2.0.0/src/rp2_common/hardware_pll/pll.c.obj
                0x1000126c                pll_init
 .text.tick_start
                0x10001310       0x10 CMakeFiles/pwm_freq_multiplier_pio.dir/home/hxu256/.pico-sdk/sdk/2.0.0/src/rp2_common/hardware_ticks/ticks.c.obj
                0x10001310                tick_start
 .text.xosc_init
                0x10001320       0x28 CMakeFiles/pwm_freq_multiplier_pio.dir/home/hxu256/.pico-sdk/sdk/2.0.0/src/rp2_common/hardware_xosc/xosc.c.obj
                0x10001320                xosc_init
 .text.first_per_core_initializer
                0x10001348        0x4 CMakeFiles/pwm_freq_multiplier_pio.dir/home/hxu256/.pico-sdk/sdk/2.0.0/src/rp2_common/pico_runtime/runtime.c.obj
 .text.hard_assertion_failure
                0x1000134c        0xc CMakeFiles/pwm_freq_multiplier_pio.dir/home/hxu256/.pico-sdk/sdk/2.0.0/src/rp2_common/pico_runtime/runtime.c.obj
                0x1000134c                hard_assertion_failure
 .text.runtime_run_initializers
                0x10001358       0x28 CMakeFiles/pwm_freq_multiplier_pio.dir/home/hxu256/.pico-sdk/sdk/2.0.0/src/rp2_common/pico_runtime/runtime.c.obj
                0x10001358                runtime_run_initializers
 .text.runtime_init_early_resets
                0x10001380       0x2c CMakeFiles/pwm_freq_multiplier_pio.dir/home/hxu256/.pico-sdk/sdk/2.0.0/src/rp2_common/pico_runtime_init/runtime_init.c.obj
                0x10001380                runtime_init_early_resets
 .text.runtime_init_usb_power_down
                0x100013ac       0x1c CMakeFiles/pwm_freq_multiplier_pio.dir/home/hxu256/.pico-sdk/sdk/2.0.0/src/rp2_common/pico_runtime_init/runtime_init.c.obj
                0x100013ac                runtime_init_usb_power_down
 .text.runtime_init_post_clock_resets
                0x100013c8       0x20 CMakeFiles/pwm_freq_multiplier_pio.dir/home/hxu256/.pico-sdk/sdk/2.0.0/src/rp2_common/pico_runtime_init/runtime_init.c.obj
                0x100013c8                runtime_init_post_clock_resets
 .text.runtime_init_rp2040_gpio_ie_disable
                0x100013e8       0x14 CMakeFiles/pwm_freq_multiplier_pio.dir/home/hxu256/.pico-sdk/sdk/2.0.0/src/rp2_common/pico_runtime_init/runtime_init.c.obj
                0x100013e8                runtime_init_rp2040_gpio_ie_disable
 .text.runtime_init_spin_locks_reset
                0x100013fc        0x8 CMakeFiles/pwm_freq_multiplier_pio.dir/home/hxu256/.pico-sdk/sdk/2.0.0/src/rp2_common/pico_runtime_init/runtime_init.c.obj
                0x100013fc                runtime_init_spin_locks_reset
 .text.runtime_init_install_ram_vector_table
                0x10001404       0x1c CMakeFiles/pwm_freq_multiplier_pio.dir/home/hxu256/.pico-sdk/sdk/2.0.0/src/rp2_common/pico_runtime_init/runtime_init.c.obj
                0x10001404                runtime_init_install_ram_vector_table
 .text.runtime_init_clocks
                0x10001420       0xd8 CMakeFiles/pwm_freq_multiplier_pio.dir/home/hxu256/.pico-sdk/sdk/2.0.0/src/rp2_common/pico_runtime_init/runtime_init_clocks.c.obj
                0x10001420                runtime_init_clocks
 .text          0x100014f8       0x10 CMakeFiles/pwm_freq_multiplier_pio.dir/home/hxu256/.pico-sdk/sdk/2.0.0/src/rp2_common/pico_bit_ops/bit_ops_aeabi.S.obj
 .text.rom_func_lookup
                0x10001508       0x10 CMakeFiles/pwm_freq_multiplier_pio.dir/home/hxu256/.pico-sdk/sdk/2.0.0/src/rp2_common/pico_bootrom/bootrom.c.obj
                0x10001508                rom_func_lookup
 .text.rom_data_lookup
                0x10001518       0x10 CMakeFiles/pwm_freq_multiplier_pio.dir/home/hxu256/.pico-sdk/sdk/2.0.0/src/rp2_common/pico_bootrom/bootrom.c.obj
                0x10001518                rom_data_lookup
 .text.rom_funcs_lookup
                0x10001528       0x44 CMakeFiles/pwm_freq_multiplier_pio.dir/home/hxu256/.pico-sdk/sdk/2.0.0/src/rp2_common/pico_bootrom/bootrom.c.obj
                0x10001528                rom_funcs_lookup
 .text.__wrap___aeabi_idiv
                0x1000156c       0x50 CMakeFiles/pwm_freq_multiplier_pio.dir/home/hxu256/.pico-sdk/sdk/2.0.0/src/rp2_common/pico_divider/divider_hardware.S.obj
                0x1000156c                __wrap___aeabi_idivmod
                0x1000156c                divmod_s32s32
                0x1000156c                div_s32s32
                0x1000156c                __wrap___aeabi_idiv
                0x10001574                divmod_s32s32_unsafe
                0x100015a0                divmod_s32s32_savestate
 .text.__wrap___aeabi_uidiv
                0x100015bc       0x4c CMakeFiles/pwm_freq_multiplier_pio.dir/home/hxu256/.pico-sdk/sdk/2.0.0/src/rp2_common/pico_divider/divider_hardware.S.obj
                0x100015bc                __wrap___aeabi_uidiv
                0x100015bc                __wrap___aeabi_uidivmod
                0x100015bc                div_u32u32
                0x100015bc                divmod_u32u32
                0x100015c4                divmod_u32u32_unsafe
                0x100015ec                divmod_u32u32_savestate
 .text.__wrap___aeabi_ldiv
                0x10001608      0x424 CMakeFiles/pwm_freq_multiplier_pio.dir/home/hxu256/.pico-sdk/sdk/2.0.0/src/rp2_common/pico_divider/divider_hardware.S.obj
                0x10001608                div_s64s64
                0x10001608                divmod_s64s64
                0x10001608                __wrap___aeabi_ldivmod
                0x10001638                div_u64u64
                0x10001638                divmod_u64u64
                0x10001638                __wrap___aeabi_uldivmod
                0x10001648                divmod_u64u64_savestate
                0x10001668                divmod_s64s64_unsafe
                0x100016f0                divmod_u64u64_unsafe
 .text.__wrap___aeabi_darithmetic
                0x10001a2c       0x80 CMakeFiles/pwm_freq_multiplier_pio.dir/home/hxu256/.pico-sdk/sdk/2.0.0/src/rp2_common/pico_double/double_aeabi_rp2040.S.obj
                0x10001a2c                __wrap___aeabi_drsub
                0x10001a32                __wrap___aeabi_dsub
                0x10001a44                __wrap___aeabi_dadd
                0x10001a56                __wrap___aeabi_ddiv
                0x10001a92                __wrap___aeabi_dmul
 .text.__wrap___aeabi_cdcmple
                0x10001aac       0x6c CMakeFiles/pwm_freq_multiplier_pio.dir/home/hxu256/.pico-sdk/sdk/2.0.0/src/rp2_common/pico_double/double_aeabi_rp2040.S.obj
                0x10001aac                __wrap___aeabi_cdrcmple
                0x10001abc                __wrap___aeabi_cdcmple
                0x10001abc                __wrap___aeabi_cdcmpeq
 .text.__wrap___aeabi_dcmplt
                0x10001b18        0xc CMakeFiles/pwm_freq_multiplier_pio.dir/home/hxu256/.pico-sdk/sdk/2.0.0/src/rp2_common/pico_double/double_aeabi_rp2040.S.obj
                0x10001b18                __wrap___aeabi_dcmplt
 .text.__wrap___aeabi_dcmpge
                0x10001b24       0x10 CMakeFiles/pwm_freq_multiplier_pio.dir/home/hxu256/.pico-sdk/sdk/2.0.0/src/rp2_common/pico_double/double_aeabi_rp2040.S.obj
                0x10001b24                __wrap___aeabi_dcmpge
 .text.__wrap___aeabi_dcmpgt
                0x10001b34        0xa CMakeFiles/pwm_freq_multiplier_pio.dir/home/hxu256/.pico-sdk/sdk/2.0.0/src/rp2_common/pico_double/double_aeabi_rp2040.S.obj
                0x10001b34                __wrap___aeabi_dcmpgt
 .text.__wrap___aeabi_dcmpun
                0x10001b3e       0x18 CMakeFiles/pwm_freq_multiplier_pio.dir/home/hxu256/.pico-sdk/sdk/2.0.0/src/rp2_common/pico_double/double_aeabi_rp2040.S.obj
                0x10001b3e                __wrap___aeabi_dcmpun
 *fill*         0x10001b56        0x2 
 .text.__wrap___aeabi_i2d
                0x10001b58       0x38 CMakeFiles/pwm_freq_multiplier_pio.dir/home/hxu256/.pico-sdk/sdk/2.0.0/src/rp2_common/pico_double/double_aeabi_rp2040.S.obj
                0x10001b58                __wrap___aeabi_ui2d
                0x10001b60                __wrap___aeabi_i2d
 .text.__wrap___aeabi_d2iz
                0x10001b90       0x48 CMakeFiles/pwm_freq_multiplier_pio.dir/home/hxu256/.pico-sdk/sdk/2.0.0/src/rp2_common/pico_double/double_aeabi_rp2040.S.obj
                0x10001b90                __wrap___aeabi_d2iz
                0x10001b90                double2int_z
 .text.__wrap___aeabi_d2uiz
                0x10001bd8       0x18 CMakeFiles/pwm_freq_multiplier_pio.dir/home/hxu256/.pico-sdk/sdk/2.0.0/src/rp2_common/pico_double/double_aeabi_rp2040.S.obj
                0x10001bd8                double2uint
                0x10001bd8                __wrap___aeabi_d2uiz
 .text.__aeabi_double_init
                0x10001bf0       0xa4 CMakeFiles/pwm_freq_multiplier_pio.dir/home/hxu256/.pico-sdk/sdk/2.0.0/src/rp2_common/pico_double/double_init_rom_rp2040.c.obj
                0x10001bf0                __aeabi_double_init
 .text.double_table_shim_on_use_helper
                0x10001c94       0x2c CMakeFiles/pwm_freq_multiplier_pio.dir/home/hxu256/.pico-sdk/sdk/2.0.0/src/rp2_common/pico_double/double_v1_rom_shim_rp2040.S.obj
                0x10001c94                double_table_shim_on_use_helper
 .text.__wrap___aeabi_dsub
                0x10001cc0       0x10 CMakeFiles/pwm_freq_multiplier_pio.dir/home/hxu256/.pico-sdk/sdk/2.0.0/src/rp2_common/pico_double/double_v1_rom_shim_rp2040.S.obj
                0x10001cc0                drsub_shim
                0x10001cc6                dsub_shim
 .text.dadd_shim
                0x10001cd0      0x15c CMakeFiles/pwm_freq_multiplier_pio.dir/home/hxu256/.pico-sdk/sdk/2.0.0/src/rp2_common/pico_double/double_v1_rom_shim_rp2040.S.obj
                0x10001cd0                dadd_shim
 .text.dmul_shim
                0x10001e2c      0x15c CMakeFiles/pwm_freq_multiplier_pio.dir/home/hxu256/.pico-sdk/sdk/2.0.0/src/rp2_common/pico_double/double_v1_rom_shim_rp2040.S.obj
                0x10001e2c                dmul_shim
 .text.ddiv_shim
                0x10001f88      0x1b0 CMakeFiles/pwm_freq_multiplier_pio.dir/home/hxu256/.pico-sdk/sdk/2.0.0/src/rp2_common/pico_double/double_v1_rom_shim_rp2040.S.obj
                0x10001f88                ddiv_shim
 .text.double2uint_shim
                0x10002138        0xe CMakeFiles/pwm_freq_multiplier_pio.dir/home/hxu256/.pico-sdk/sdk/2.0.0/src/rp2_common/pico_double/double_v1_rom_shim_rp2040.S.obj
                0x10002138                double2uint_shim
                0x1000213a                double2ufix_shim
 *fill*         0x10002146        0x2 
 .text.double2uint64_shim
                0x10002148       0x70 CMakeFiles/pwm_freq_multiplier_pio.dir/home/hxu256/.pico-sdk/sdk/2.0.0/src/rp2_common/pico_double/double_v1_rom_shim_rp2040.S.obj
                0x10002148                double2uint64_shim
                0x1000214a                double2ufix64_shim
                0x1000216a                d2fix_a
 .text.dunpacks
                0x100021b8       0x3c CMakeFiles/pwm_freq_multiplier_pio.dir/home/hxu256/.pico-sdk/sdk/2.0.0/src/rp2_common/pico_double/double_v1_rom_shim_rp2040.S.obj
                0x100021b8                dunpacks
 .text.__aeabi_float_init
                0x100021f4       0x64 CMakeFiles/pwm_freq_multiplier_pio.dir/home/hxu256/.pico-sdk/sdk/2.0.0/src/rp2_common/pico_float/float_init_rom_rp2040.c.obj
                0x100021f4                __aeabi_float_init
 .text.float_table_shim_on_use_helper
                0x10002258       0x2c CMakeFiles/pwm_freq_multiplier_pio.dir/home/hxu256/.pico-sdk/sdk/2.0.0/src/rp2_common/pico_float/float_v1_rom_shim_rp2040.S.obj
                0x10002258                float_table_shim_on_use_helper
 .text          0x10002284       0x10 CMakeFiles/pwm_freq_multiplier_pio.dir/home/hxu256/.pico-sdk/sdk/2.0.0/src/rp2_common/pico_mem_ops/mem_ops_aeabi.S.obj
                0x10002284                __aeabi_mem_init
 .text.memcpy   0x10002294        0xc CMakeFiles/pwm_freq_multiplier_pio.dir/home/hxu256/.pico-sdk/sdk/2.0.0/src/rp2_common/pico_mem_ops/mem_ops_aeabi.S.obj
                0x10002294                __wrap___aeabi_memcpy
                0x10002294                __wrap_memcpy
 .text._out_null
                0x100022a0        0x4 CMakeFiles/pwm_freq_multiplier_pio.dir/home/hxu256/.pico-sdk/sdk/2.0.0/src/rp2_common/pico_printf/printf.c.obj
 .text._out_rev
                0x100022a4       0xac CMakeFiles/pwm_freq_multiplier_pio.dir/home/hxu256/.pico-sdk/sdk/2.0.0/src/rp2_common/pico_printf/printf.c.obj
 .text._ntoa_format
                0x10002350      0x250 CMakeFiles/pwm_freq_multiplier_pio.dir/home/hxu256/.pico-sdk/sdk/2.0.0/src/rp2_common/pico_printf/printf.c.obj
 .text._out_char
                0x100025a0       0x10 CMakeFiles/pwm_freq_multiplier_pio.dir/home/hxu256/.pico-sdk/sdk/2.0.0/src/rp2_common/pico_printf/printf.c.obj
 .text._out_fct
                0x100025b0       0x10 CMakeFiles/pwm_freq_multiplier_pio.dir/home/hxu256/.pico-sdk/sdk/2.0.0/src/rp2_common/pico_printf/printf.c.obj
 .text._etoa    0x100025c0      0x464 CMakeFiles/pwm_freq_multiplier_pio.dir/home/hxu256/.pico-sdk/sdk/2.0.0/src/rp2_common/pico_printf/printf.c.obj
 .text._ftoa    0x10002a24      0x3c0 CMakeFiles/pwm_freq_multiplier_pio.dir/home/hxu256/.pico-sdk/sdk/2.0.0/src/rp2_common/pico_printf/printf.c.obj
 .text._vsnprintf
                0x10002de4      0xbc8 CMakeFiles/pwm_freq_multiplier_pio.dir/home/hxu256/.pico-sdk/sdk/2.0.0/src/rp2_common/pico_printf/printf.c.obj
 .text.vfctprintf
                0x100039ac       0x20 CMakeFiles/pwm_freq_multiplier_pio.dir/home/hxu256/.pico-sdk/sdk/2.0.0/src/rp2_common/pico_printf/printf.c.obj
                0x100039ac                vfctprintf
 .text.weak_raw_vprintf
                0x100039cc       0x30 CMakeFiles/pwm_freq_multiplier_pio.dir/home/hxu256/.pico-sdk/sdk/2.0.0/src/rp2_common/pico_printf/printf.c.obj
                0x100039cc                weak_raw_vprintf
 .text._exit    0x100039fc        0x4 CMakeFiles/pwm_freq_multiplier_pio.dir/home/hxu256/.pico-sdk/sdk/2.0.0/src/rp2_common/pico_clib_interface/newlib_interface.c.obj
                0x100039fc                _exit
 .text.exit     0x10003a00        0x8 CMakeFiles/pwm_freq_multiplier_pio.dir/home/hxu256/.pico-sdk/sdk/2.0.0/src/rp2_common/pico_clib_interface/newlib_interface.c.obj
                0x10003a00                exit
 .text.runtime_init
                0x10003a08       0x2c CMakeFiles/pwm_freq_multiplier_pio.dir/home/hxu256/.pico-sdk/sdk/2.0.0/src/rp2_common/pico_clib_interface/newlib_interface.c.obj
                0x10003a08                runtime_init
 .text.stdio_out_chars_no_crlf
                0x10003a34       0x10 CMakeFiles/pwm_freq_multiplier_pio.dir/home/hxu256/.pico-sdk/sdk/2.0.0/src/rp2_common/pico_stdio/stdio.c.obj
 .text.stdio_out_chars_crlf
                0x10003a44       0x94 CMakeFiles/pwm_freq_multiplier_pio.dir/home/hxu256/.pico-sdk/sdk/2.0.0/src/rp2_common/pico_stdio/stdio.c.obj
 .text.stdio_buffered_printer
                0x10003ad8       0x64 CMakeFiles/pwm_freq_multiplier_pio.dir/home/hxu256/.pico-sdk/sdk/2.0.0/src/rp2_common/pico_stdio/stdio.c.obj
 .text.stdio_put_string
                0x10003b3c      0x100 CMakeFiles/pwm_freq_multiplier_pio.dir/home/hxu256/.pico-sdk/sdk/2.0.0/src/rp2_common/pico_stdio/stdio.c.obj
                0x10003b3c                stdio_put_string
 .text.stdio_set_driver_enabled
                0x10003c3c       0x30 CMakeFiles/pwm_freq_multiplier_pio.dir/home/hxu256/.pico-sdk/sdk/2.0.0/src/rp2_common/pico_stdio/stdio.c.obj
                0x10003c3c                stdio_set_driver_enabled
 .text.stdio_init_all
                0x10003c6c        0xc CMakeFiles/pwm_freq_multiplier_pio.dir/home/hxu256/.pico-sdk/sdk/2.0.0/src/rp2_common/pico_stdio/stdio.c.obj
                0x10003c6c                stdio_init_all
 .text.__wrap_putchar
                0x10003c78       0x98 CMakeFiles/pwm_freq_multiplier_pio.dir/home/hxu256/.pico-sdk/sdk/2.0.0/src/rp2_common/pico_stdio/stdio.c.obj
                0x10003c78                stdio_putchar
                0x10003c78                __wrap_putchar
 .text.__wrap_puts
                0x10003d10       0x3c CMakeFiles/pwm_freq_multiplier_pio.dir/home/hxu256/.pico-sdk/sdk/2.0.0/src/rp2_common/pico_stdio/stdio.c.obj
                0x10003d10                __wrap_puts
                0x10003d10                stdio_puts
 .text.__wrap_vprintf
                0x10003d4c       0xd4 CMakeFiles/pwm_freq_multiplier_pio.dir/home/hxu256/.pico-sdk/sdk/2.0.0/src/rp2_common/pico_stdio/stdio.c.obj
                0x10003d4c                __wrap_vprintf
                0x10003d4c                stdio_vprintf
 .text.__wrap_printf
                0x10003e20       0x18 CMakeFiles/pwm_freq_multiplier_pio.dir/home/hxu256/.pico-sdk/sdk/2.0.0/src/rp2_common/pico_stdio/stdio.c.obj
                0x10003e20                stdio_printf
                0x10003e20                __wrap_printf
 .text.stdio_uart_out_chars
                0x10003e38       0x4c CMakeFiles/pwm_freq_multiplier_pio.dir/home/hxu256/.pico-sdk/sdk/2.0.0/src/rp2_common/pico_stdio_uart/stdio_uart.c.obj
 .text.stdio_uart_in_chars
                0x10003e84       0x90 CMakeFiles/pwm_freq_multiplier_pio.dir/home/hxu256/.pico-sdk/sdk/2.0.0/src/rp2_common/pico_stdio_uart/stdio_uart.c.obj
                0x10003e84                stdio_uart_in_chars
 .text.on_uart_rx
                0x10003f14       0x28 CMakeFiles/pwm_freq_multiplier_pio.dir/home/hxu256/.pico-sdk/sdk/2.0.0/src/rp2_common/pico_stdio_uart/stdio_uart.c.obj
 .text.stdio_uart_out_flush
                0x10003f3c       0x10 CMakeFiles/pwm_freq_multiplier_pio.dir/home/hxu256/.pico-sdk/sdk/2.0.0/src/rp2_common/pico_stdio_uart/stdio_uart.c.obj
 .text.stdio_uart_set_chars_available_callback
                0x10003f4c       0x8c CMakeFiles/pwm_freq_multiplier_pio.dir/home/hxu256/.pico-sdk/sdk/2.0.0/src/rp2_common/pico_stdio_uart/stdio_uart.c.obj
 .text.stdio_uart_init
                0x10003fd8       0x50 CMakeFiles/pwm_freq_multiplier_pio.dir/home/hxu256/.pico-sdk/sdk/2.0.0/src/rp2_common/pico_stdio_uart/stdio_uart.c.obj
                0x10003fd8                stdio_uart_init
 .text.pio_claim_unused_sm
                0x10004028       0x38 CMakeFiles/pwm_freq_multiplier_pio.dir/home/hxu256/.pico-sdk/sdk/2.0.0/src/rp2_common/hardware_pio/pio.c.obj
                0x10004028                pio_claim_unused_sm
 .text.pio_add_program
                0x10004060      0x104 CMakeFiles/pwm_freq_multiplier_pio.dir/home/hxu256/.pico-sdk/sdk/2.0.0/src/rp2_common/hardware_pio/pio.c.obj
                0x10004060                pio_add_program
 .text.pio_sm_set_consecutive_pindirs
                0x10004164       0xb4 CMakeFiles/pwm_freq_multiplier_pio.dir/home/hxu256/.pico-sdk/sdk/2.0.0/src/rp2_common/hardware_pio/pio.c.obj
                0x10004164                pio_sm_set_consecutive_pindirs
 .text.pio_sm_init
                0x10004218       0x98 CMakeFiles/pwm_freq_multiplier_pio.dir/home/hxu256/.pico-sdk/sdk/2.0.0/src/rp2_common/hardware_pio/pio.c.obj
                0x10004218                pio_sm_init
 .text.strlen   0x100042b0       0x5c /home/hxu256/.pico-sdk/toolchain/13_2_Rel1/bin/../lib/gcc/arm-none-eabi/13.2.1/../../../../arm-none-eabi/lib/thumb/v6-m/nofp/libg.a(libc_a-strlen-stub.o)
                0x100042b0                strlen
 *(.fini)
 .fini          0x1000430c        0x4 /home/hxu256/.pico-sdk/toolchain/13_2_Rel1/bin/../lib/gcc/arm-none-eabi/13.2.1/thumb/v6-m/nofp/crti.o
                0x1000430c                _fini
 .fini.__stub   0x10004310       0x40 linker stubs
 *crtbegin.o(.ctors)
 *crtbegin?.o(.ctors)
 *(EXCLUDE_FILE(*crtend.o *crtend?.o) .ctors)
 *(SORT_BY_NAME(.ctors.*))
 *(.ctors)
 *crtbegin.o(.dtors)
 *crtbegin?.o(.dtors)
 *(EXCLUDE_FILE(*crtend.o *crtend?.o) .dtors)
 *(SORT_BY_NAME(.dtors.*))
 *(.dtors)
                0x10004350                        . = ALIGN (0x4)
                0x10004350                        PROVIDE (__preinit_array_start = .)
 *(SORT_BY_NAME(.preinit_array.*))
 .preinit_array.00100
                0x10004350        0x4 CMakeFiles/pwm_freq_multiplier_pio.dir/home/hxu256/.pico-sdk/sdk/2.0.0/src/rp2_common/pico_runtime_init/runtime_init.c.obj
                0x10004350                __pre_init_runtime_init_early_resets
 .preinit_array.00101
                0x10004354        0x4 CMakeFiles/pwm_freq_multiplier_pio.dir/home/hxu256/.pico-sdk/sdk/2.0.0/src/rp2_common/pico_runtime_init/runtime_init.c.obj
                0x10004354                __pre_init_runtime_init_usb_power_down
 .preinit_array.00275
                0x10004358        0x4 CMakeFiles/pwm_freq_multiplier_pio.dir/home/hxu256/.pico-sdk/sdk/2.0.0/src/rp2_common/pico_bit_ops/bit_ops_aeabi.S.obj
 .preinit_array.00300
                0x1000435c        0x4 CMakeFiles/pwm_freq_multiplier_pio.dir/home/hxu256/.pico-sdk/sdk/2.0.0/src/rp2_common/pico_mem_ops/mem_ops_aeabi.S.obj
 .preinit_array.00350
                0x10004360        0x4 CMakeFiles/pwm_freq_multiplier_pio.dir/home/hxu256/.pico-sdk/sdk/2.0.0/src/rp2_common/pico_double/double_aeabi_rp2040.S.obj
 .preinit_array.00350
                0x10004364        0x4 CMakeFiles/pwm_freq_multiplier_pio.dir/home/hxu256/.pico-sdk/sdk/2.0.0/src/rp2_common/pico_float/float_aeabi_rp2040.S.obj
 .preinit_array.00500
                0x10004368        0x4 CMakeFiles/pwm_freq_multiplier_pio.dir/home/hxu256/.pico-sdk/sdk/2.0.0/src/rp2_common/pico_runtime_init/runtime_init.c.obj
                0x10004368                __pre_init_runtime_init_clocks
 .preinit_array.00600
                0x1000436c        0x4 CMakeFiles/pwm_freq_multiplier_pio.dir/home/hxu256/.pico-sdk/sdk/2.0.0/src/rp2_common/pico_runtime_init/runtime_init.c.obj
                0x1000436c                __pre_init_runtime_init_post_clock_resets
 .preinit_array.00700
                0x10004370        0x4 CMakeFiles/pwm_freq_multiplier_pio.dir/home/hxu256/.pico-sdk/sdk/2.0.0/src/rp2_common/pico_runtime_init/runtime_init.c.obj
                0x10004370                __pre_init_runtime_init_rp2040_gpio_ie_disable
 .preinit_array.01000
                0x10004374        0x4 CMakeFiles/pwm_freq_multiplier_pio.dir/home/hxu256/.pico-sdk/sdk/2.0.0/src/rp2_common/pico_runtime_init/runtime_init.c.obj
                0x10004374                __pre_init_runtime_init_spin_locks_reset
 .preinit_array.01100
                0x10004378        0x4 CMakeFiles/pwm_freq_multiplier_pio.dir/home/hxu256/.pico-sdk/sdk/2.0.0/src/common/pico_sync/mutex.c.obj
                0x10004378                __pre_init_runtime_init_mutex
 .preinit_array.10080
                0x1000437c        0x4 CMakeFiles/pwm_freq_multiplier_pio.dir/home/hxu256/.pico-sdk/sdk/2.0.0/src/rp2_common/pico_runtime_init/runtime_init.c.obj
                0x1000437c                __pre_init_runtime_init_install_ram_vector_table
 .preinit_array.11000
                0x10004380        0x4 CMakeFiles/pwm_freq_multiplier_pio.dir/home/hxu256/.pico-sdk/sdk/2.0.0/src/common/pico_time/time.c.obj
                0x10004380                __pre_init_runtime_init_default_alarm_pool
 .preinit_array.YYYYY
                0x10004384        0x4 CMakeFiles/pwm_freq_multiplier_pio.dir/home/hxu256/.pico-sdk/sdk/2.0.0/src/rp2_common/pico_runtime/runtime.c.obj
                0x10004384                __pre_init_first_per_core_initializer
 .preinit_array.ZZZZZ.01200
                0x10004388        0x4 CMakeFiles/pwm_freq_multiplier_pio.dir/home/hxu256/.pico-sdk/sdk/2.0.0/src/rp2_common/hardware_irq/irq.c.obj
                0x10004388                __pre_init_runtime_init_per_core_irq_priorities
 *(.preinit_array)
                0x1000438c                        PROVIDE (__preinit_array_end = .)
                0x1000438c                        . = ALIGN (0x4)
                0x1000438c                        PROVIDE (__init_array_start = .)
 *(SORT_BY_NAME(.init_array.*))
 *(.init_array)
 .init_array    0x1000438c        0x4 /home/hxu256/.pico-sdk/toolchain/13_2_Rel1/bin/../lib/gcc/arm-none-eabi/13.2.1/thumb/v6-m/nofp/crtbegin.o
                0x10004390                        PROVIDE (__init_array_end = .)
                0x10004390                        . = ALIGN (0x4)
                [!provide]                        PROVIDE (__fini_array_start = .)
 *(SORT_BY_NAME(.fini_array.*))
 *(.fini_array)
                [!provide]                        PROVIDE (__fini_array_end = .)
 *(.eh_frame*)
 .eh_frame      0x10004390        0x0 /home/hxu256/.pico-sdk/toolchain/13_2_Rel1/bin/../lib/gcc/arm-none-eabi/13.2.1/thumb/v6-m/nofp/crtbegin.o
                0x10004390                        . = ALIGN (0x4)

.glue_7         0x10004390        0x0
 .glue_7        0x10004390        0x0 linker stubs

.glue_7t        0x10004390        0x0
 .glue_7t       0x10004390        0x0 linker stubs

.vfp11_veneer   0x10004390        0x0
 .vfp11_veneer  0x10004390        0x0 linker stubs

.v4_bx          0x10004390        0x0
 .v4_bx         0x10004390        0x0 linker stubs

.iplt           0x10004390        0x0
 .iplt          0x10004390        0x0 /home/hxu256/.pico-sdk/toolchain/13_2_Rel1/bin/../lib/gcc/arm-none-eabi/13.2.1/thumb/v6-m/nofp/crtbegin.o

.rodata         0x10004390      0x3b8
 *(EXCLUDE_FILE(*libm.a: *libc.a:*lib_a-mem*.o *libgcc.a:) .rodata*)
 .rodata.main.str1.4
                0x10004390      0x144 CMakeFiles/pwm_freq_multiplier_pio.dir/pwm_freq_multiplier_pio.c.obj
                                 0x52 (size before relaxing)
 .rodata.blink_program
                0x100044d4        0x8 CMakeFiles/pwm_freq_multiplier_pio.dir/pwm_freq_multiplier_pio.c.obj
 .rodata.blink_program_instructions
                0x100044dc        0xa CMakeFiles/pwm_freq_multiplier_pio.dir/pwm_freq_multiplier_pio.c.obj
 .rodata.panic.str1.4
                0x100044e6       0x12 CMakeFiles/pwm_freq_multiplier_pio.dir/home/hxu256/.pico-sdk/sdk/2.0.0/src/rp2_common/pico_platform_panic/panic.c.obj
 .rodata.timer_hardware_alarm_claim.str1.4
                0x100044e6       0x22 CMakeFiles/pwm_freq_multiplier_pio.dir/home/hxu256/.pico-sdk/sdk/2.0.0/src/rp2_common/hardware_timer/timer.c.obj
 .rodata.hard_assertion_failure.str1.4
                0x100044e6        0xc CMakeFiles/pwm_freq_multiplier_pio.dir/home/hxu256/.pico-sdk/sdk/2.0.0/src/rp2_common/pico_runtime/runtime.c.obj
 .rodata.str1.4
                0x100044e6       0x40 CMakeFiles/pwm_freq_multiplier_pio.dir/home/hxu256/.pico-sdk/sdk/2.0.0/src/rp2_common/pico_standard_binary_info/standard_binary_info.c.obj
 *fill*         0x100044e6        0x2 
 .rodata.__bi_84
                0x100044e8        0xc CMakeFiles/pwm_freq_multiplier_pio.dir/home/hxu256/.pico-sdk/sdk/2.0.0/src/rp2_common/pico_standard_binary_info/standard_binary_info.c.obj
 .rodata.__bi_60
                0x100044f4        0xc CMakeFiles/pwm_freq_multiplier_pio.dir/home/hxu256/.pico-sdk/sdk/2.0.0/src/rp2_common/pico_standard_binary_info/standard_binary_info.c.obj
 .rodata.__bi_54
                0x10004500        0xc CMakeFiles/pwm_freq_multiplier_pio.dir/home/hxu256/.pico-sdk/sdk/2.0.0/src/rp2_common/pico_standard_binary_info/standard_binary_info.c.obj
 .rodata.__bi_48
                0x1000450c        0xc CMakeFiles/pwm_freq_multiplier_pio.dir/home/hxu256/.pico-sdk/sdk/2.0.0/src/rp2_common/pico_standard_binary_info/standard_binary_info.c.obj
 .rodata.__bi_42
                0x10004518        0xc CMakeFiles/pwm_freq_multiplier_pio.dir/home/hxu256/.pico-sdk/sdk/2.0.0/src/rp2_common/pico_standard_binary_info/standard_binary_info.c.obj
 .rodata.__bi_34
                0x10004524        0xc CMakeFiles/pwm_freq_multiplier_pio.dir/home/hxu256/.pico-sdk/sdk/2.0.0/src/rp2_common/pico_standard_binary_info/standard_binary_info.c.obj
 .rodata.__bi_26
                0x10004530        0xc CMakeFiles/pwm_freq_multiplier_pio.dir/home/hxu256/.pico-sdk/sdk/2.0.0/src/rp2_common/pico_standard_binary_info/standard_binary_info.c.obj
 .rodata._ftoa.str1.4
                0x1000453c       0x15 CMakeFiles/pwm_freq_multiplier_pio.dir/home/hxu256/.pico-sdk/sdk/2.0.0/src/rp2_common/pico_printf/printf.c.obj
 .rodata._vsnprintf
                0x1000453c      0x19c CMakeFiles/pwm_freq_multiplier_pio.dir/home/hxu256/.pico-sdk/sdk/2.0.0/src/rp2_common/pico_printf/printf.c.obj
 .rodata.pow10.0
                0x100046d8       0x50 CMakeFiles/pwm_freq_multiplier_pio.dir/home/hxu256/.pico-sdk/sdk/2.0.0/src/rp2_common/pico_printf/printf.c.obj
 .rodata.crlf_str.0
                0x10004728        0x2 CMakeFiles/pwm_freq_multiplier_pio.dir/home/hxu256/.pico-sdk/sdk/2.0.0/src/rp2_common/pico_stdio/stdio.c.obj
 .rodata.str1.4
                0x1000472a       0x2c CMakeFiles/pwm_freq_multiplier_pio.dir/home/hxu256/.pico-sdk/sdk/2.0.0/src/rp2_common/pico_stdio_uart/stdio_uart.c.obj
 *fill*         0x1000472a        0x2 
 .rodata.__bi_45.4
                0x1000472c        0xc CMakeFiles/pwm_freq_multiplier_pio.dir/home/hxu256/.pico-sdk/sdk/2.0.0/src/rp2_common/pico_stdio_uart/stdio_uart.c.obj
 .rodata.__bi_49.5
                0x10004738        0x8 CMakeFiles/pwm_freq_multiplier_pio.dir/home/hxu256/.pico-sdk/sdk/2.0.0/src/rp2_common/pico_stdio_uart/stdio_uart.c.obj
 .rodata.__bi_50.6
                0x10004740        0x8 CMakeFiles/pwm_freq_multiplier_pio.dir/home/hxu256/.pico-sdk/sdk/2.0.0/src/rp2_common/pico_stdio_uart/stdio_uart.c.obj
 .rodata.pio_claim_unused_sm.str1.4
                0x10004748       0x24 CMakeFiles/pwm_freq_multiplier_pio.dir/home/hxu256/.pico-sdk/sdk/2.0.0/src/rp2_common/hardware_pio/pio.c.obj
                0x1000476c                        . = ALIGN (0x4)
 *(SORT_BY_ALIGNMENT(SORT_BY_NAME(.flashdata*)))
                0x1000476c                        . = ALIGN (0x4)

.ARM.extab
 *(.ARM.extab* .gnu.linkonce.armextab.*)
                0x10004748                        __exidx_start = .

.ARM.exidx
 *(.ARM.exidx* .gnu.linkonce.armexidx.*)
                0x10004748                        __exidx_end = .
                0x1000476c                        . = ALIGN (0x4)
                0x10004748                        __binary_info_start = .

.binary_info    0x10004748       0x28
 *(.binary_info.keep.*)
 .binary_info.keep.__bi_ptr84
                0x10004748        0x4 CMakeFiles/pwm_freq_multiplier_pio.dir/home/hxu256/.pico-sdk/sdk/2.0.0/src/rp2_common/pico_standard_binary_info/standard_binary_info.c.obj
 .binary_info.keep.__bi_ptr60
                0x1000474c        0x4 CMakeFiles/pwm_freq_multiplier_pio.dir/home/hxu256/.pico-sdk/sdk/2.0.0/src/rp2_common/pico_standard_binary_info/standard_binary_info.c.obj
 .binary_info.keep.__bi_ptr54
                0x10004750        0x4 CMakeFiles/pwm_freq_multiplier_pio.dir/home/hxu256/.pico-sdk/sdk/2.0.0/src/rp2_common/pico_standard_binary_info/standard_binary_info.c.obj
 .binary_info.keep.__bi_ptr48
                0x10004754        0x4 CMakeFiles/pwm_freq_multiplier_pio.dir/home/hxu256/.pico-sdk/sdk/2.0.0/src/rp2_common/pico_standard_binary_info/standard_binary_info.c.obj
 .binary_info.keep.__bi_ptr42
                0x10004758        0x4 CMakeFiles/pwm_freq_multiplier_pio.dir/home/hxu256/.pico-sdk/sdk/2.0.0/src/rp2_common/pico_standard_binary_info/standard_binary_info.c.obj
 .binary_info.keep.__bi_ptr34
                0x1000475c        0x4 CMakeFiles/pwm_freq_multiplier_pio.dir/home/hxu256/.pico-sdk/sdk/2.0.0/src/rp2_common/pico_standard_binary_info/standard_binary_info.c.obj
 .binary_info.keep.__bi_ptr26
                0x10004760        0x4 CMakeFiles/pwm_freq_multiplier_pio.dir/home/hxu256/.pico-sdk/sdk/2.0.0/src/rp2_common/pico_standard_binary_info/standard_binary_info.c.obj
 *(.binary_info.*)
 .binary_info.__bi_ptr50
                0x10004764        0x4 CMakeFiles/pwm_freq_multiplier_pio.dir/home/hxu256/.pico-sdk/sdk/2.0.0/src/rp2_common/pico_stdio_uart/stdio_uart.c.obj
 .binary_info.__bi_ptr49
                0x10004768        0x4 CMakeFiles/pwm_freq_multiplier_pio.dir/home/hxu256/.pico-sdk/sdk/2.0.0/src/rp2_common/pico_stdio_uart/stdio_uart.c.obj
 .binary_info.__bi_ptr45
                0x1000476c        0x4 CMakeFiles/pwm_freq_multiplier_pio.dir/home/hxu256/.pico-sdk/sdk/2.0.0/src/rp2_common/pico_stdio_uart/stdio_uart.c.obj
                0x10004770                        __binary_info_end = .

.rel.dyn        0x10004770        0x0
 .rel.iplt      0x10004770        0x0 /home/hxu256/.pico-sdk/toolchain/13_2_Rel1/bin/../lib/gcc/arm-none-eabi/13.2.1/thumb/v6-m/nofp/crtbegin.o
                0x10004770                        . = ALIGN (0x4)

.ram_vector_table
                0x20000000       0xc0
 *(.ram_vector_table)
 .ram_vector_table
                0x20000000       0xc0 CMakeFiles/pwm_freq_multiplier_pio.dir/home/hxu256/.pico-sdk/sdk/2.0.0/src/rp2_common/pico_runtime_init/runtime_init.c.obj
                0x20000000                ram_vector_table

.uninitialized_data
                0x200000c0        0x0
                0x200000c0                        . = ALIGN (0x4)
 *(.uninitialized_data*)

.data           0x200000c0      0x180 load address 0x10004770
                0x200000c0                        __data_start__ = .
 *(vtable)
 *(.time_critical*)
 .time_critical.mutex_try_enter_block_until
                0x200000c0       0x9c CMakeFiles/pwm_freq_multiplier_pio.dir/home/hxu256/.pico-sdk/sdk/2.0.0/src/common/pico_sync/mutex.c.obj
                0x200000c0                mutex_try_enter_block_until
 .time_critical.mutex_exit
                0x2000015c       0x28 CMakeFiles/pwm_freq_multiplier_pio.dir/home/hxu256/.pico-sdk/sdk/2.0.0/src/common/pico_sync/mutex.c.obj
                0x2000015c                mutex_exit
 *(.text*)
 .text          0x20000184        0x4 /home/hxu256/.pico-sdk/toolchain/13_2_Rel1/bin/../lib/gcc/arm-none-eabi/13.2.1/thumb/v6-m/nofp/libgcc.a(_dvmd_tls.o)
                0x20000184                __aeabi_ldiv0
                0x20000184                __aeabi_idiv0
 .text.__stub   0x20000188       0x10 linker stubs
                0x20000198                        . = ALIGN (0x4)
 *(.rodata*)
                0x20000198                        . = ALIGN (0x4)
 *(.data*)
 .data.striped_spin_lock_num
                0x20000198        0x1 CMakeFiles/pwm_freq_multiplier_pio.dir/home/hxu256/.pico-sdk/sdk/2.0.0/src/rp2_common/hardware_sync/sync.c.obj
 *fill*         0x20000199        0x3 
 .data          0x2000019c       0x48 CMakeFiles/pwm_freq_multiplier_pio.dir/home/hxu256/.pico-sdk/sdk/2.0.0/src/rp2_common/hardware_irq/irq_handler_chain.S.obj
                0x2000019c                irq_handler_chain_slots
                0x200001cc                irq_handler_chain_first_slot
                0x200001d6                irq_handler_chain_remove_tail
 .data.default_alarm_pool
                0x200001e4       0x18 CMakeFiles/pwm_freq_multiplier_pio.dir/home/hxu256/.pico-sdk/sdk/2.0.0/src/common/pico_time/time.c.obj
 *fill*         0x200001fc        0x4 
 .data.aeabi_bits_funcs
                0x20000200       0x10 CMakeFiles/pwm_freq_multiplier_pio.dir/home/hxu256/.pico-sdk/sdk/2.0.0/src/rp2_common/pico_bit_ops/bit_ops_aeabi.S.obj
                0x20000200                aeabi_bits_funcs
                0x20000210                aeabi_bits_funcs_end
 .data.aeabi_mem_funcs
                0x20000210       0x10 CMakeFiles/pwm_freq_multiplier_pio.dir/home/hxu256/.pico-sdk/sdk/2.0.0/src/rp2_common/pico_mem_ops/mem_ops_aeabi.S.obj
                0x20000210                aeabi_mem_funcs
                0x20000220                aeabi_mem_funcs_end
 .data.stdio_uart
                0x20000220       0x18 CMakeFiles/pwm_freq_multiplier_pio.dir/home/hxu256/.pico-sdk/sdk/2.0.0/src/rp2_common/pico_stdio_uart/stdio_uart.c.obj
                0x20000220                stdio_uart
                0x20000238                        . = ALIGN (0x4)
 *(.after_data.*)
                0x20000238                        . = ALIGN (0x4)
                0x20000238                        PROVIDE (__mutex_array_start = .)
 *(SORT_BY_NAME(.mutex_array.*))
 *(.mutex_array)
 .mutex_array   0x20000238        0x8 CMakeFiles/pwm_freq_multiplier_pio.dir/home/hxu256/.pico-sdk/sdk/2.0.0/src/rp2_common/pico_stdio/stdio.c.obj
                0x20000240                        PROVIDE (__mutex_array_end = .)
                0x20000240                        . = ALIGN (0x4)
 *(.jcr)
                0x20000240                        . = ALIGN (0x4)

.tm_clone_table
                0x20000240        0x0 load address 0x100048f0
 .tm_clone_table
                0x20000240        0x0 /home/hxu256/.pico-sdk/toolchain/13_2_Rel1/bin/../lib/gcc/arm-none-eabi/13.2.1/thumb/v6-m/nofp/crtbegin.o
 .tm_clone_table
                0x20000240        0x0 /home/hxu256/.pico-sdk/toolchain/13_2_Rel1/bin/../lib/gcc/arm-none-eabi/13.2.1/thumb/v6-m/nofp/crtend.o

.igot.plt       0x20000240        0x0 load address 0x100048f0
 .igot.plt      0x20000240        0x0 /home/hxu256/.pico-sdk/toolchain/13_2_Rel1/bin/../lib/gcc/arm-none-eabi/13.2.1/thumb/v6-m/nofp/crtbegin.o

.tdata          0x20000240        0x0 load address 0x100048f0
                0x20000240                        . = ALIGN (0x4)
 *(.tdata .tdata.* .gnu.linkonce.td.*)
                0x20000240                        __tdata_end = .
                0x20000240                        PROVIDE (__data_end__ = .)
                0x10004770                        __etext = LOADADDR (.data)

.tbss           0x20000240        0x0 load address 0x100048f0
                0x20000240                        . = ALIGN (0x4)
                0x20000240                        __bss_start__ = .
                0x20000240                        __tls_base = .
 *(.tbss .tbss.* .gnu.linkonce.tb.*)
 *(.tcommon)
                0x20000240                        __tls_end = .

.bss            0x20000240      0x408 load address 0x100048f0
                0x20000240                        . = ALIGN (0x4)
                0x20000240                        __tbss_end = .
 *(SORT_BY_ALIGNMENT(SORT_BY_NAME(.bss*)))
 .bss.default_alarm_pool_entries
                0x20000240      0x180 CMakeFiles/pwm_freq_multiplier_pio.dir/home/hxu256/.pico-sdk/sdk/2.0.0/src/common/pico_time/time.c.obj
 .bss.sd_table  0x200003c0      0x100 CMakeFiles/pwm_freq_multiplier_pio.dir/home/hxu256/.pico-sdk/sdk/2.0.0/src/rp2_common/pico_double/double_init_rom_rp2040.c.obj
                0x200003c0                sd_table
 .bss.sf_table  0x200004c0      0x100 CMakeFiles/pwm_freq_multiplier_pio.dir/home/hxu256/.pico-sdk/sdk/2.0.0/src/rp2_common/pico_float/float_init_rom_rp2040.c.obj
                0x200004c0                sf_table
 .bss._used_instruction_space
                0x200005c0        0x8 CMakeFiles/pwm_freq_multiplier_pio.dir/home/hxu256/.pico-sdk/sdk/2.0.0/src/rp2_common/hardware_pio/pio.c.obj
 .bss.chars_available_callback
                0x200005c8        0x4 CMakeFiles/pwm_freq_multiplier_pio.dir/home/hxu256/.pico-sdk/sdk/2.0.0/src/rp2_common/pico_stdio_uart/stdio_uart.c.obj
 .bss.chars_available_param
                0x200005cc        0x4 CMakeFiles/pwm_freq_multiplier_pio.dir/home/hxu256/.pico-sdk/sdk/2.0.0/src/rp2_common/pico_stdio_uart/stdio_uart.c.obj
 .bss.claimed   0x200005d0        0x1 CMakeFiles/pwm_freq_multiplier_pio.dir/home/hxu256/.pico-sdk/sdk/2.0.0/src/rp2_common/hardware_timer/timer.c.obj
 *fill*         0x200005d1        0x3 
 .bss.claimed   0x200005d4        0x1 CMakeFiles/pwm_freq_multiplier_pio.dir/home/hxu256/.pico-sdk/sdk/2.0.0/src/rp2_common/hardware_pio/pio.c.obj
 *fill*         0x200005d5        0x3 
 .bss.configured_freq
                0x200005d8       0x28 CMakeFiles/pwm_freq_multiplier_pio.dir/home/hxu256/.pico-sdk/sdk/2.0.0/src/rp2_common/hardware_clocks/clocks.c.obj
 .bss.drivers   0x20000600        0x4 CMakeFiles/pwm_freq_multiplier_pio.dir/home/hxu256/.pico-sdk/sdk/2.0.0/src/rp2_common/pico_stdio/stdio.c.obj
 .bss.filter    0x20000604        0x4 CMakeFiles/pwm_freq_multiplier_pio.dir/home/hxu256/.pico-sdk/sdk/2.0.0/src/rp2_common/pico_stdio/stdio.c.obj
 .bss.lazy_vsnprintf
                0x20000608        0x4 CMakeFiles/pwm_freq_multiplier_pio.dir/home/hxu256/.pico-sdk/sdk/2.0.0/src/rp2_common/pico_printf/printf.c.obj
 .bss.object.0  0x2000060c       0x18 /home/hxu256/.pico-sdk/toolchain/13_2_Rel1/bin/../lib/gcc/arm-none-eabi/13.2.1/thumb/v6-m/nofp/crtbegin.o
 .bss.pools     0x20000624       0x10 CMakeFiles/pwm_freq_multiplier_pio.dir/home/hxu256/.pico-sdk/sdk/2.0.0/src/common/pico_time/time.c.obj
 .bss.sf_clz_func
                0x20000634        0x4 CMakeFiles/pwm_freq_multiplier_pio.dir/home/hxu256/.pico-sdk/sdk/2.0.0/src/rp2_common/pico_double/double_init_rom_rp2040.c.obj
                0x20000634                sf_clz_func
 .bss.sleep_notifier
                0x20000638        0x4 CMakeFiles/pwm_freq_multiplier_pio.dir/home/hxu256/.pico-sdk/sdk/2.0.0/src/common/pico_time/time.c.obj
 .bss.uart_char_to_line_feed
                0x2000063c        0x4 CMakeFiles/pwm_freq_multiplier_pio.dir/home/hxu256/.pico-sdk/sdk/2.0.0/src/rp2_common/hardware_uart/uart.c.obj
                0x2000063c                uart_char_to_line_feed
 .bss.uart_instance
                0x20000640        0x4 CMakeFiles/pwm_freq_multiplier_pio.dir/home/hxu256/.pico-sdk/sdk/2.0.0/src/rp2_common/pico_stdio_uart/stdio_uart.c.obj
 .bss.irq_handler_chain_free_slot_head
                0x20000644        0x1 CMakeFiles/pwm_freq_multiplier_pio.dir/home/hxu256/.pico-sdk/sdk/2.0.0/src/rp2_common/hardware_irq/irq.c.obj
 *(COMMON)
                0x20000648                        . = ALIGN (0x4)
 *fill*         0x20000645        0x3 
                0x20000648                        __bss_end__ = .

.heap           0x20000648    0x3f9b8 load address 0x100048f0
                0x20000648                        __end__ = .
                0x20000648                        end = __end__
 *(.heap*)
 .heap          0x20000648      0x800 CMakeFiles/pwm_freq_multiplier_pio.dir/home/hxu256/.pico-sdk/sdk/2.0.0/src/rp2_common/pico_crt0/crt0.S.obj
                0x20040000                        . = (ORIGIN (RAM) + LENGTH (RAM))
 *fill*         0x20000e48    0x3f1b8 
                0x20040000                        __HeapLimit = .

.scratch_x      0x20040000        0x0 load address 0x100048f0
                0x20040000                        __scratch_x_start__ = .
 *(.scratch_x.*)
                0x20040000                        . = ALIGN (0x4)
                0x20040000                        __scratch_x_end__ = .
                0x100048f0                        __scratch_x_source__ = LOADADDR (.scratch_x)

.scratch_y      0x20041000        0x0 load address 0x100048f0
                0x20041000                        __scratch_y_start__ = .
 *(.scratch_y.*)
                0x20041000                        . = ALIGN (0x4)
                0x20041000                        __scratch_y_end__ = .
                0x100048f0                        __scratch_y_source__ = LOADADDR (.scratch_y)

.stack1_dummy
 *(.stack1*)

.stack_dummy    0x20041000      0x800
 *(.stack*)
 .stack         0x20041000      0x800 CMakeFiles/pwm_freq_multiplier_pio.dir/home/hxu256/.pico-sdk/sdk/2.0.0/src/rp2_common/pico_crt0/crt0.S.obj

.flash_end      0x100048f0        0x0
 *(.embedded_end_block*)
                0x100048f0                        PROVIDE (__flash_binary_end = .)
                0x20040000                        __StackLimit = (ORIGIN (RAM) + LENGTH (RAM))
                0x20041000                        __StackOneTop = (ORIGIN (SCRATCH_X) + LENGTH (SCRATCH_X))
                0x20042000                        __StackTop = (ORIGIN (SCRATCH_Y) + LENGTH (SCRATCH_Y))
                0x20041000                        __StackOneBottom = (__StackOneTop - SIZEOF (.stack1_dummy))
                0x20041800                        __StackBottom = (__StackTop - SIZEOF (.stack_dummy))
                0x20042000                        PROVIDE (__stack = __StackTop)
                [!provide]                        PROVIDE (__heap_start = __end__)
                [!provide]                        PROVIDE (__heap_end = __HeapLimit)
                [!provide]                        PROVIDE (__tls_align = MAX (ALIGNOF (.tdata), ALIGNOF (.tbss)))
                [!provide]                        PROVIDE (__tls_size_align = (((__tls_size + __tls_align) - 0x1) & ~ ((__tls_align - 0x1))))
                [!provide]                        PROVIDE (__arm32_tls_tcb_offset = MAX (0x8, __tls_align))
                [!provide]                        PROVIDE (_end = __end__)
                [!provide]                        PROVIDE (__llvm_libc_heap_limit = __HeapLimit)
                0x00000001                        ASSERT ((__StackLimit >= __HeapLimit), region RAM overflowed)
                0x00000001                        ASSERT (((__binary_info_header_end - __logical_binary_start) <= 0x100), Binary info must be in first 256 bytes of the binary)
LOAD CMakeFiles/pwm_freq_multiplier_pio.dir/pwm_freq_multiplier_pio.c.obj
LOAD CMakeFiles/pwm_freq_multiplier_pio.dir/home/hxu256/.pico-sdk/sdk/2.0.0/src/rp2_common/pico_stdlib/stdlib.c.obj
LOAD CMakeFiles/pwm_freq_multiplier_pio.dir/home/hxu256/.pico-sdk/sdk/2.0.0/src/rp2_common/hardware_gpio/gpio.c.obj
LOAD CMakeFiles/pwm_freq_multiplier_pio.dir/home/hxu256/.pico-sdk/sdk/2.0.0/src/rp2040/pico_platform/platform.c.obj
LOAD CMakeFiles/pwm_freq_multiplier_pio.dir/home/hxu256/.pico-sdk/sdk/2.0.0/src/rp2_common/pico_platform_panic/panic.c.obj
LOAD CMakeFiles/pwm_freq_multiplier_pio.dir/home/hxu256/.pico-sdk/sdk/2.0.0/src/common/hardware_claim/claim.c.obj
LOAD CMakeFiles/pwm_freq_multiplier_pio.dir/home/hxu256/.pico-sdk/sdk/2.0.0/src/rp2_common/hardware_sync/sync.c.obj
LOAD CMakeFiles/pwm_freq_multiplier_pio.dir/home/hxu256/.pico-sdk/sdk/2.0.0/src/rp2_common/hardware_sync_spin_lock/sync_spin_lock.c.obj
LOAD CMakeFiles/pwm_freq_multiplier_pio.dir/home/hxu256/.pico-sdk/sdk/2.0.0/src/rp2_common/hardware_irq/irq.c.obj
LOAD CMakeFiles/pwm_freq_multiplier_pio.dir/home/hxu256/.pico-sdk/sdk/2.0.0/src/rp2_common/hardware_irq/irq_handler_chain.S.obj
LOAD CMakeFiles/pwm_freq_multiplier_pio.dir/home/hxu256/.pico-sdk/sdk/2.0.0/src/common/pico_sync/sem.c.obj
LOAD CMakeFiles/pwm_freq_multiplier_pio.dir/home/hxu256/.pico-sdk/sdk/2.0.0/src/common/pico_sync/lock_core.c.obj
LOAD CMakeFiles/pwm_freq_multiplier_pio.dir/home/hxu256/.pico-sdk/sdk/2.0.0/src/common/pico_sync/mutex.c.obj
LOAD CMakeFiles/pwm_freq_multiplier_pio.dir/home/hxu256/.pico-sdk/sdk/2.0.0/src/common/pico_sync/critical_section.c.obj
LOAD CMakeFiles/pwm_freq_multiplier_pio.dir/home/hxu256/.pico-sdk/sdk/2.0.0/src/common/pico_time/time.c.obj
LOAD CMakeFiles/pwm_freq_multiplier_pio.dir/home/hxu256/.pico-sdk/sdk/2.0.0/src/common/pico_time/timeout_helper.c.obj
LOAD CMakeFiles/pwm_freq_multiplier_pio.dir/home/hxu256/.pico-sdk/sdk/2.0.0/src/rp2_common/hardware_timer/timer.c.obj
LOAD CMakeFiles/pwm_freq_multiplier_pio.dir/home/hxu256/.pico-sdk/sdk/2.0.0/src/common/pico_util/datetime.c.obj
LOAD CMakeFiles/pwm_freq_multiplier_pio.dir/home/hxu256/.pico-sdk/sdk/2.0.0/src/common/pico_util/pheap.c.obj
LOAD CMakeFiles/pwm_freq_multiplier_pio.dir/home/hxu256/.pico-sdk/sdk/2.0.0/src/common/pico_util/queue.c.obj
LOAD CMakeFiles/pwm_freq_multiplier_pio.dir/home/hxu256/.pico-sdk/sdk/2.0.0/src/rp2_common/hardware_uart/uart.c.obj
LOAD CMakeFiles/pwm_freq_multiplier_pio.dir/home/hxu256/.pico-sdk/sdk/2.0.0/src/rp2_common/hardware_clocks/clocks.c.obj
LOAD CMakeFiles/pwm_freq_multiplier_pio.dir/home/hxu256/.pico-sdk/sdk/2.0.0/src/rp2_common/hardware_pll/pll.c.obj
LOAD CMakeFiles/pwm_freq_multiplier_pio.dir/home/hxu256/.pico-sdk/sdk/2.0.0/src/rp2_common/hardware_vreg/vreg.c.obj
LOAD CMakeFiles/pwm_freq_multiplier_pio.dir/home/hxu256/.pico-sdk/sdk/2.0.0/src/rp2_common/hardware_watchdog/watchdog.c.obj
LOAD CMakeFiles/pwm_freq_multiplier_pio.dir/home/hxu256/.pico-sdk/sdk/2.0.0/src/rp2_common/hardware_ticks/ticks.c.obj
LOAD CMakeFiles/pwm_freq_multiplier_pio.dir/home/hxu256/.pico-sdk/sdk/2.0.0/src/rp2_common/hardware_xosc/xosc.c.obj
LOAD CMakeFiles/pwm_freq_multiplier_pio.dir/home/hxu256/.pico-sdk/sdk/2.0.0/src/rp2_common/hardware_divider/divider.S.obj
LOAD CMakeFiles/pwm_freq_multiplier_pio.dir/home/hxu256/.pico-sdk/sdk/2.0.0/src/rp2_common/pico_runtime/runtime.c.obj
LOAD CMakeFiles/pwm_freq_multiplier_pio.dir/home/hxu256/.pico-sdk/sdk/2.0.0/src/rp2_common/pico_runtime_init/runtime_init.c.obj
LOAD CMakeFiles/pwm_freq_multiplier_pio.dir/home/hxu256/.pico-sdk/sdk/2.0.0/src/rp2_common/pico_runtime_init/runtime_init_clocks.c.obj
LOAD CMakeFiles/pwm_freq_multiplier_pio.dir/home/hxu256/.pico-sdk/sdk/2.0.0/src/rp2_common/pico_runtime_init/runtime_init_stack_guard.c.obj
LOAD CMakeFiles/pwm_freq_multiplier_pio.dir/home/hxu256/.pico-sdk/sdk/2.0.0/src/rp2_common/pico_bit_ops/bit_ops_aeabi.S.obj
LOAD CMakeFiles/pwm_freq_multiplier_pio.dir/home/hxu256/.pico-sdk/sdk/2.0.0/src/rp2_common/pico_bootrom/bootrom.c.obj
LOAD CMakeFiles/pwm_freq_multiplier_pio.dir/home/hxu256/.pico-sdk/sdk/2.0.0/src/rp2_common/pico_bootrom/bootrom_lock.c.obj
LOAD CMakeFiles/pwm_freq_multiplier_pio.dir/home/hxu256/.pico-sdk/sdk/2.0.0/src/rp2_common/hardware_boot_lock/boot_lock.c.obj
LOAD CMakeFiles/pwm_freq_multiplier_pio.dir/home/hxu256/.pico-sdk/sdk/2.0.0/src/rp2_common/pico_divider/divider_hardware.S.obj
LOAD CMakeFiles/pwm_freq_multiplier_pio.dir/home/hxu256/.pico-sdk/sdk/2.0.0/src/rp2_common/pico_double/double_aeabi_rp2040.S.obj
LOAD CMakeFiles/pwm_freq_multiplier_pio.dir/home/hxu256/.pico-sdk/sdk/2.0.0/src/rp2_common/pico_double/double_init_rom_rp2040.c.obj
LOAD CMakeFiles/pwm_freq_multiplier_pio.dir/home/hxu256/.pico-sdk/sdk/2.0.0/src/rp2_common/pico_double/double_math.c.obj
LOAD CMakeFiles/pwm_freq_multiplier_pio.dir/home/hxu256/.pico-sdk/sdk/2.0.0/src/rp2_common/pico_double/double_v1_rom_shim_rp2040.S.obj
LOAD CMakeFiles/pwm_freq_multiplier_pio.dir/home/hxu256/.pico-sdk/sdk/2.0.0/src/rp2_common/pico_int64_ops/pico_int64_ops_aeabi.S.obj
LOAD CMakeFiles/pwm_freq_multiplier_pio.dir/home/hxu256/.pico-sdk/sdk/2.0.0/src/rp2_common/pico_float/float_aeabi_rp2040.S.obj
LOAD CMakeFiles/pwm_freq_multiplier_pio.dir/home/hxu256/.pico-sdk/sdk/2.0.0/src/rp2_common/pico_float/float_init_rom_rp2040.c.obj
LOAD CMakeFiles/pwm_freq_multiplier_pio.dir/home/hxu256/.pico-sdk/sdk/2.0.0/src/rp2_common/pico_float/float_math.c.obj
LOAD CMakeFiles/pwm_freq_multiplier_pio.dir/home/hxu256/.pico-sdk/sdk/2.0.0/src/rp2_common/pico_float/float_v1_rom_shim_rp2040.S.obj
LOAD CMakeFiles/pwm_freq_multiplier_pio.dir/home/hxu256/.pico-sdk/sdk/2.0.0/src/rp2_common/pico_malloc/malloc.c.obj
LOAD CMakeFiles/pwm_freq_multiplier_pio.dir/home/hxu256/.pico-sdk/sdk/2.0.0/src/rp2_common/pico_mem_ops/mem_ops_aeabi.S.obj
LOAD CMakeFiles/pwm_freq_multiplier_pio.dir/home/hxu256/.pico-sdk/sdk/2.0.0/src/rp2_common/pico_atomic/atomic.c.obj
LOAD CMakeFiles/pwm_freq_multiplier_pio.dir/home/hxu256/.pico-sdk/sdk/2.0.0/src/rp2_common/pico_cxx_options/new_delete.cpp.obj
LOAD CMakeFiles/pwm_freq_multiplier_pio.dir/home/hxu256/.pico-sdk/sdk/2.0.0/src/rp2_common/pico_standard_binary_info/standard_binary_info.c.obj
LOAD CMakeFiles/pwm_freq_multiplier_pio.dir/home/hxu256/.pico-sdk/sdk/2.0.0/src/rp2_common/pico_printf/printf.c.obj
LOAD CMakeFiles/pwm_freq_multiplier_pio.dir/home/hxu256/.pico-sdk/sdk/2.0.0/src/rp2_common/pico_crt0/crt0.S.obj
LOAD CMakeFiles/pwm_freq_multiplier_pio.dir/home/hxu256/.pico-sdk/sdk/2.0.0/src/rp2_common/pico_clib_interface/newlib_interface.c.obj
LOAD CMakeFiles/pwm_freq_multiplier_pio.dir/home/hxu256/.pico-sdk/sdk/2.0.0/src/rp2_common/pico_stdio/stdio.c.obj
LOAD CMakeFiles/pwm_freq_multiplier_pio.dir/home/hxu256/.pico-sdk/sdk/2.0.0/src/rp2_common/pico_stdio_uart/stdio_uart.c.obj
LOAD CMakeFiles/pwm_freq_multiplier_pio.dir/home/hxu256/.pico-sdk/sdk/2.0.0/src/rp2_common/hardware_pio/pio.c.obj
LOAD /tmp/ccQCEoiB.o
LOAD /home/hxu256/.pico-sdk/toolchain/13_2_Rel1/bin/../lib/gcc/arm-none-eabi/13.2.1/../../../../arm-none-eabi/lib/thumb/v6-m/nofp/libstdc++.a
LOAD /home/hxu256/.pico-sdk/toolchain/13_2_Rel1/bin/../lib/gcc/arm-none-eabi/13.2.1/../../../../arm-none-eabi/lib/thumb/v6-m/nofp/libm.a
START GROUP
LOAD /home/hxu256/.pico-sdk/toolchain/13_2_Rel1/bin/../lib/gcc/arm-none-eabi/13.2.1/thumb/v6-m/nofp/libgcc.a
LOAD /home/hxu256/.pico-sdk/toolchain/13_2_Rel1/bin/../lib/gcc/arm-none-eabi/13.2.1/../../../../arm-none-eabi/lib/thumb/v6-m/nofp/libg.a
LOAD /home/hxu256/.pico-sdk/toolchain/13_2_Rel1/bin/../lib/gcc/arm-none-eabi/13.2.1/../../../../arm-none-eabi/lib/thumb/v6-m/nofp/libc.a
END GROUP
START GROUP
LOAD /home/hxu256/.pico-sdk/toolchain/13_2_Rel1/bin/../lib/gcc/arm-none-eabi/13.2.1/thumb/v6-m/nofp/libgcc.a
LOAD /home/hxu256/.pico-sdk/toolchain/13_2_Rel1/bin/../lib/gcc/arm-none-eabi/13.2.1/../../../../arm-none-eabi/lib/thumb/v6-m/nofp/libc.a
LOAD /home/hxu256/.pico-sdk/toolchain/13_2_Rel1/bin/../lib/gcc/arm-none-eabi/13.2.1/../../../../arm-none-eabi/lib/thumb/v6-m/nofp/libnosys.a
END GROUP
LOAD /home/hxu256/.pico-sdk/toolchain/13_2_Rel1/bin/../lib/gcc/arm-none-eabi/13.2.1/thumb/v6-m/nofp/crtend.o
LOAD /home/hxu256/.pico-sdk/toolchain/13_2_Rel1/bin/../lib/gcc/arm-none-eabi/13.2.1/thumb/v6-m/nofp/crtn.o
OUTPUT(pwm_freq_multiplier_pio.elf elf32-littlearm)
LOAD linker stubs

.ARM.attributes
                0x00000000       0x28
 .ARM.attributes
                0x00000000       0x1e /home/hxu256/.pico-sdk/toolchain/13_2_Rel1/bin/../lib/gcc/arm-none-eabi/13.2.1/thumb/v6-m/nofp/crti.o
 .ARM.attributes
                0x0000001e       0x2c /home/hxu256/.pico-sdk/toolchain/13_2_Rel1/bin/../lib/gcc/arm-none-eabi/13.2.1/thumb/v6-m/nofp/crtbegin.o
 .ARM.attributes
                0x0000004a       0x2c CMakeFiles/pwm_freq_multiplier_pio.dir/pwm_freq_multiplier_pio.c.obj
 .ARM.attributes
                0x00000076       0x2c CMakeFiles/pwm_freq_multiplier_pio.dir/home/hxu256/.pico-sdk/sdk/2.0.0/src/rp2_common/hardware_gpio/gpio.c.obj
 .ARM.attributes
                0x000000a2       0x2c CMakeFiles/pwm_freq_multiplier_pio.dir/home/hxu256/.pico-sdk/sdk/2.0.0/src/rp2_common/pico_platform_panic/panic.c.obj
 .ARM.attributes
                0x000000ce       0x2c CMakeFiles/pwm_freq_multiplier_pio.dir/home/hxu256/.pico-sdk/sdk/2.0.0/src/common/hardware_claim/claim.c.obj
 .ARM.attributes
                0x000000fa       0x2c CMakeFiles/pwm_freq_multiplier_pio.dir/home/hxu256/.pico-sdk/sdk/2.0.0/src/rp2_common/hardware_sync/sync.c.obj
 .ARM.attributes
                0x00000126       0x2c CMakeFiles/pwm_freq_multiplier_pio.dir/home/hxu256/.pico-sdk/sdk/2.0.0/src/rp2_common/hardware_sync_spin_lock/sync_spin_lock.c.obj
 .ARM.attributes
                0x00000152       0x2c CMakeFiles/pwm_freq_multiplier_pio.dir/home/hxu256/.pico-sdk/sdk/2.0.0/src/rp2_common/hardware_irq/irq.c.obj
 .ARM.attributes
                0x0000017e       0x22 CMakeFiles/pwm_freq_multiplier_pio.dir/home/hxu256/.pico-sdk/sdk/2.0.0/src/rp2_common/hardware_irq/irq_handler_chain.S.obj
 .ARM.attributes
                0x000001a0       0x2c CMakeFiles/pwm_freq_multiplier_pio.dir/home/hxu256/.pico-sdk/sdk/2.0.0/src/common/pico_sync/lock_core.c.obj
 .ARM.attributes
                0x000001cc       0x2c CMakeFiles/pwm_freq_multiplier_pio.dir/home/hxu256/.pico-sdk/sdk/2.0.0/src/common/pico_sync/mutex.c.obj
 .ARM.attributes
                0x000001f8       0x2c CMakeFiles/pwm_freq_multiplier_pio.dir/home/hxu256/.pico-sdk/sdk/2.0.0/src/common/pico_time/time.c.obj
 .ARM.attributes
                0x00000224       0x2c CMakeFiles/pwm_freq_multiplier_pio.dir/home/hxu256/.pico-sdk/sdk/2.0.0/src/rp2_common/hardware_timer/timer.c.obj
 .ARM.attributes
                0x00000250       0x2c CMakeFiles/pwm_freq_multiplier_pio.dir/home/hxu256/.pico-sdk/sdk/2.0.0/src/rp2_common/hardware_uart/uart.c.obj
 .ARM.attributes
                0x0000027c       0x2c CMakeFiles/pwm_freq_multiplier_pio.dir/home/hxu256/.pico-sdk/sdk/2.0.0/src/rp2_common/hardware_clocks/clocks.c.obj
 .ARM.attributes
                0x000002a8       0x2c CMakeFiles/pwm_freq_multiplier_pio.dir/home/hxu256/.pico-sdk/sdk/2.0.0/src/rp2_common/hardware_pll/pll.c.obj
 .ARM.attributes
                0x000002d4       0x2c CMakeFiles/pwm_freq_multiplier_pio.dir/home/hxu256/.pico-sdk/sdk/2.0.0/src/rp2_common/hardware_ticks/ticks.c.obj
 .ARM.attributes
                0x00000300       0x2c CMakeFiles/pwm_freq_multiplier_pio.dir/home/hxu256/.pico-sdk/sdk/2.0.0/src/rp2_common/hardware_xosc/xosc.c.obj
 .ARM.attributes
                0x0000032c       0x2c CMakeFiles/pwm_freq_multiplier_pio.dir/home/hxu256/.pico-sdk/sdk/2.0.0/src/rp2_common/pico_runtime/runtime.c.obj
 .ARM.attributes
                0x00000358       0x2c CMakeFiles/pwm_freq_multiplier_pio.dir/home/hxu256/.pico-sdk/sdk/2.0.0/src/rp2_common/pico_runtime_init/runtime_init.c.obj
 .ARM.attributes
                0x00000384       0x2c CMakeFiles/pwm_freq_multiplier_pio.dir/home/hxu256/.pico-sdk/sdk/2.0.0/src/rp2_common/pico_runtime_init/runtime_init_clocks.c.obj
 .ARM.attributes
                0x000003b0       0x22 CMakeFiles/pwm_freq_multiplier_pio.dir/home/hxu256/.pico-sdk/sdk/2.0.0/src/rp2_common/pico_bit_ops/bit_ops_aeabi.S.obj
 .ARM.attributes
                0x000003d2       0x2c CMakeFiles/pwm_freq_multiplier_pio.dir/home/hxu256/.pico-sdk/sdk/2.0.0/src/rp2_common/pico_bootrom/bootrom.c.obj
 .ARM.attributes
                0x000003fe       0x22 CMakeFiles/pwm_freq_multiplier_pio.dir/home/hxu256/.pico-sdk/sdk/2.0.0/src/rp2_common/pico_divider/divider_hardware.S.obj
 .ARM.attributes
                0x00000420       0x22 CMakeFiles/pwm_freq_multiplier_pio.dir/home/hxu256/.pico-sdk/sdk/2.0.0/src/rp2_common/pico_double/double_aeabi_rp2040.S.obj
 .ARM.attributes
                0x00000442       0x2c CMakeFiles/pwm_freq_multiplier_pio.dir/home/hxu256/.pico-sdk/sdk/2.0.0/src/rp2_common/pico_double/double_init_rom_rp2040.c.obj
 .ARM.attributes
                0x0000046e       0x22 CMakeFiles/pwm_freq_multiplier_pio.dir/home/hxu256/.pico-sdk/sdk/2.0.0/src/rp2_common/pico_double/double_v1_rom_shim_rp2040.S.obj
 .ARM.attributes
                0x00000490       0x22 CMakeFiles/pwm_freq_multiplier_pio.dir/home/hxu256/.pico-sdk/sdk/2.0.0/src/rp2_common/pico_float/float_aeabi_rp2040.S.obj
 .ARM.attributes
                0x000004b2       0x2c CMakeFiles/pwm_freq_multiplier_pio.dir/home/hxu256/.pico-sdk/sdk/2.0.0/src/rp2_common/pico_float/float_init_rom_rp2040.c.obj
 .ARM.attributes
                0x000004de       0x22 CMakeFiles/pwm_freq_multiplier_pio.dir/home/hxu256/.pico-sdk/sdk/2.0.0/src/rp2_common/pico_float/float_v1_rom_shim_rp2040.S.obj
 .ARM.attributes
                0x00000500       0x22 CMakeFiles/pwm_freq_multiplier_pio.dir/home/hxu256/.pico-sdk/sdk/2.0.0/src/rp2_common/pico_mem_ops/mem_ops_aeabi.S.obj
 .ARM.attributes
                0x00000522       0x2c CMakeFiles/pwm_freq_multiplier_pio.dir/home/hxu256/.pico-sdk/sdk/2.0.0/src/rp2_common/pico_standard_binary_info/standard_binary_info.c.obj
 .ARM.attributes
                0x0000054e       0x2c CMakeFiles/pwm_freq_multiplier_pio.dir/home/hxu256/.pico-sdk/sdk/2.0.0/src/rp2_common/pico_printf/printf.c.obj
 .ARM.attributes
                0x0000057a       0x22 CMakeFiles/pwm_freq_multiplier_pio.dir/home/hxu256/.pico-sdk/sdk/2.0.0/src/rp2_common/pico_crt0/crt0.S.obj
 .ARM.attributes
                0x0000059c       0x2c CMakeFiles/pwm_freq_multiplier_pio.dir/home/hxu256/.pico-sdk/sdk/2.0.0/src/rp2_common/pico_clib_interface/newlib_interface.c.obj
 .ARM.attributes
                0x000005c8       0x2c CMakeFiles/pwm_freq_multiplier_pio.dir/home/hxu256/.pico-sdk/sdk/2.0.0/src/rp2_common/pico_stdio/stdio.c.obj
 .ARM.attributes
                0x000005f4       0x2c CMakeFiles/pwm_freq_multiplier_pio.dir/home/hxu256/.pico-sdk/sdk/2.0.0/src/rp2_common/pico_stdio_uart/stdio_uart.c.obj
 .ARM.attributes
                0x00000620       0x2c CMakeFiles/pwm_freq_multiplier_pio.dir/home/hxu256/.pico-sdk/sdk/2.0.0/src/rp2_common/hardware_pio/pio.c.obj
 .ARM.attributes
                0x0000064c       0x22 /tmp/ccQCEoiB.o
 .ARM.attributes
                0x0000066e       0x1e /home/hxu256/.pico-sdk/toolchain/13_2_Rel1/bin/../lib/gcc/arm-none-eabi/13.2.1/thumb/v6-m/nofp/libgcc.a(_dvmd_tls.o)
 .ARM.attributes
                0x0000068c       0x2c /home/hxu256/.pico-sdk/toolchain/13_2_Rel1/bin/../lib/gcc/arm-none-eabi/13.2.1/../../../../arm-none-eabi/lib/thumb/v6-m/nofp/libg.a(libc_a-strlen-stub.o)
 .ARM.attributes
                0x000006b8       0x2c /home/hxu256/.pico-sdk/toolchain/13_2_Rel1/bin/../lib/gcc/arm-none-eabi/13.2.1/thumb/v6-m/nofp/crtend.o

.comment        0x00000000       0x44
 .comment       0x00000000       0x44 CMakeFiles/pwm_freq_multiplier_pio.dir/pwm_freq_multiplier_pio.c.obj
                                 0x45 (size before relaxing)
 .comment       0x00000044       0x45 CMakeFiles/pwm_freq_multiplier_pio.dir/home/hxu256/.pico-sdk/sdk/2.0.0/src/rp2_common/hardware_gpio/gpio.c.obj
 .comment       0x00000044       0x45 CMakeFiles/pwm_freq_multiplier_pio.dir/home/hxu256/.pico-sdk/sdk/2.0.0/src/rp2_common/pico_platform_panic/panic.c.obj
 .comment       0x00000044       0x45 CMakeFiles/pwm_freq_multiplier_pio.dir/home/hxu256/.pico-sdk/sdk/2.0.0/src/common/hardware_claim/claim.c.obj
 .comment       0x00000044       0x45 CMakeFiles/pwm_freq_multiplier_pio.dir/home/hxu256/.pico-sdk/sdk/2.0.0/src/rp2_common/hardware_sync/sync.c.obj
 .comment       0x00000044       0x45 CMakeFiles/pwm_freq_multiplier_pio.dir/home/hxu256/.pico-sdk/sdk/2.0.0/src/rp2_common/hardware_sync_spin_lock/sync_spin_lock.c.obj
 .comment       0x00000044       0x45 CMakeFiles/pwm_freq_multiplier_pio.dir/home/hxu256/.pico-sdk/sdk/2.0.0/src/rp2_common/hardware_irq/irq.c.obj
 .comment       0x00000044       0x45 CMakeFiles/pwm_freq_multiplier_pio.dir/home/hxu256/.pico-sdk/sdk/2.0.0/src/common/pico_sync/lock_core.c.obj
 .comment       0x00000044       0x45 CMakeFiles/pwm_freq_multiplier_pio.dir/home/hxu256/.pico-sdk/sdk/2.0.0/src/common/pico_sync/mutex.c.obj
 .comment       0x00000044       0x45 CMakeFiles/pwm_freq_multiplier_pio.dir/home/hxu256/.pico-sdk/sdk/2.0.0/src/common/pico_time/time.c.obj
 .comment       0x00000044       0x45 CMakeFiles/pwm_freq_multiplier_pio.dir/home/hxu256/.pico-sdk/sdk/2.0.0/src/rp2_common/hardware_timer/timer.c.obj
 .comment       0x00000044       0x45 CMakeFiles/pwm_freq_multiplier_pio.dir/home/hxu256/.pico-sdk/sdk/2.0.0/src/rp2_common/hardware_uart/uart.c.obj
 .comment       0x00000044       0x45 CMakeFiles/pwm_freq_multiplier_pio.dir/home/hxu256/.pico-sdk/sdk/2.0.0/src/rp2_common/hardware_clocks/clocks.c.obj
 .comment       0x00000044       0x45 CMakeFiles/pwm_freq_multiplier_pio.dir/home/hxu256/.pico-sdk/sdk/2.0.0/src/rp2_common/hardware_pll/pll.c.obj
 .comment       0x00000044       0x45 CMakeFiles/pwm_freq_multiplier_pio.dir/home/hxu256/.pico-sdk/sdk/2.0.0/src/rp2_common/hardware_ticks/ticks.c.obj
 .comment       0x00000044       0x45 CMakeFiles/pwm_freq_multiplier_pio.dir/home/hxu256/.pico-sdk/sdk/2.0.0/src/rp2_common/hardware_xosc/xosc.c.obj
 .comment       0x00000044       0x45 CMakeFiles/pwm_freq_multiplier_pio.dir/home/hxu256/.pico-sdk/sdk/2.0.0/src/rp2_common/pico_runtime/runtime.c.obj
 .comment       0x00000044       0x45 CMakeFiles/pwm_freq_multiplier_pio.dir/home/hxu256/.pico-sdk/sdk/2.0.0/src/rp2_common/pico_runtime_init/runtime_init.c.obj
 .comment       0x00000044       0x45 CMakeFiles/pwm_freq_multiplier_pio.dir/home/hxu256/.pico-sdk/sdk/2.0.0/src/rp2_common/pico_runtime_init/runtime_init_clocks.c.obj
 .comment       0x00000044       0x45 CMakeFiles/pwm_freq_multiplier_pio.dir/home/hxu256/.pico-sdk/sdk/2.0.0/src/rp2_common/pico_bootrom/bootrom.c.obj
 .comment       0x00000044       0x45 CMakeFiles/pwm_freq_multiplier_pio.dir/home/hxu256/.pico-sdk/sdk/2.0.0/src/rp2_common/pico_double/double_init_rom_rp2040.c.obj
 .comment       0x00000044       0x45 CMakeFiles/pwm_freq_multiplier_pio.dir/home/hxu256/.pico-sdk/sdk/2.0.0/src/rp2_common/pico_float/float_init_rom_rp2040.c.obj
 .comment       0x00000044       0x45 CMakeFiles/pwm_freq_multiplier_pio.dir/home/hxu256/.pico-sdk/sdk/2.0.0/src/rp2_common/pico_standard_binary_info/standard_binary_info.c.obj
 .comment       0x00000044       0x45 CMakeFiles/pwm_freq_multiplier_pio.dir/home/hxu256/.pico-sdk/sdk/2.0.0/src/rp2_common/pico_printf/printf.c.obj
 .comment       0x00000044       0x45 CMakeFiles/pwm_freq_multiplier_pio.dir/home/hxu256/.pico-sdk/sdk/2.0.0/src/rp2_common/pico_clib_interface/newlib_interface.c.obj
 .comment       0x00000044       0x45 CMakeFiles/pwm_freq_multiplier_pio.dir/home/hxu256/.pico-sdk/sdk/2.0.0/src/rp2_common/pico_stdio/stdio.c.obj
 .comment       0x00000044       0x45 CMakeFiles/pwm_freq_multiplier_pio.dir/home/hxu256/.pico-sdk/sdk/2.0.0/src/rp2_common/pico_stdio_uart/stdio_uart.c.obj
 .comment       0x00000044       0x45 CMakeFiles/pwm_freq_multiplier_pio.dir/home/hxu256/.pico-sdk/sdk/2.0.0/src/rp2_common/hardware_pio/pio.c.obj

.debug_info     0x00000000    0x1fcfc
 .debug_info    0x00000000     0x14e1 CMakeFiles/pwm_freq_multiplier_pio.dir/pwm_freq_multiplier_pio.c.obj
 .debug_info    0x000014e1     0x2437 CMakeFiles/pwm_freq_multiplier_pio.dir/home/hxu256/.pico-sdk/sdk/2.0.0/src/rp2_common/hardware_gpio/gpio.c.obj
 .debug_info    0x00003918      0x1bf CMakeFiles/pwm_freq_multiplier_pio.dir/home/hxu256/.pico-sdk/sdk/2.0.0/src/rp2_common/pico_platform_panic/panic.c.obj
 .debug_info    0x00003ad7      0x995 CMakeFiles/pwm_freq_multiplier_pio.dir/home/hxu256/.pico-sdk/sdk/2.0.0/src/common/hardware_claim/claim.c.obj
 .debug_info    0x0000446c      0x458 CMakeFiles/pwm_freq_multiplier_pio.dir/home/hxu256/.pico-sdk/sdk/2.0.0/src/rp2_common/hardware_sync/sync.c.obj
 .debug_info    0x000048c4      0x245 CMakeFiles/pwm_freq_multiplier_pio.dir/home/hxu256/.pico-sdk/sdk/2.0.0/src/rp2_common/hardware_sync_spin_lock/sync_spin_lock.c.obj
 .debug_info    0x00004b09     0x21a8 CMakeFiles/pwm_freq_multiplier_pio.dir/home/hxu256/.pico-sdk/sdk/2.0.0/src/rp2_common/hardware_irq/irq.c.obj
 .debug_info    0x00006cb1      0x15f CMakeFiles/pwm_freq_multiplier_pio.dir/home/hxu256/.pico-sdk/sdk/2.0.0/src/common/pico_sync/lock_core.c.obj
 .debug_info    0x00006e10     0x2803 CMakeFiles/pwm_freq_multiplier_pio.dir/home/hxu256/.pico-sdk/sdk/2.0.0/src/common/pico_sync/mutex.c.obj
 .debug_info    0x00009613     0x495a CMakeFiles/pwm_freq_multiplier_pio.dir/home/hxu256/.pico-sdk/sdk/2.0.0/src/common/pico_time/time.c.obj
 .debug_info    0x0000df6d     0x2af8 CMakeFiles/pwm_freq_multiplier_pio.dir/home/hxu256/.pico-sdk/sdk/2.0.0/src/rp2_common/hardware_timer/timer.c.obj
 .debug_info    0x00010a65     0x195f CMakeFiles/pwm_freq_multiplier_pio.dir/home/hxu256/.pico-sdk/sdk/2.0.0/src/rp2_common/hardware_uart/uart.c.obj
 .debug_info    0x000123c4     0x291d CMakeFiles/pwm_freq_multiplier_pio.dir/home/hxu256/.pico-sdk/sdk/2.0.0/src/rp2_common/hardware_clocks/clocks.c.obj
 .debug_info    0x00014ce1      0x4e5 CMakeFiles/pwm_freq_multiplier_pio.dir/home/hxu256/.pico-sdk/sdk/2.0.0/src/rp2_common/hardware_pll/pll.c.obj
 .debug_info    0x000151c6      0x248 CMakeFiles/pwm_freq_multiplier_pio.dir/home/hxu256/.pico-sdk/sdk/2.0.0/src/rp2_common/hardware_ticks/ticks.c.obj
 .debug_info    0x0001540e      0x1cc CMakeFiles/pwm_freq_multiplier_pio.dir/home/hxu256/.pico-sdk/sdk/2.0.0/src/rp2_common/hardware_xosc/xosc.c.obj
 .debug_info    0x000155da      0x21a CMakeFiles/pwm_freq_multiplier_pio.dir/home/hxu256/.pico-sdk/sdk/2.0.0/src/rp2_common/pico_runtime/runtime.c.obj
 .debug_info    0x000157f4      0x795 CMakeFiles/pwm_freq_multiplier_pio.dir/home/hxu256/.pico-sdk/sdk/2.0.0/src/rp2_common/pico_runtime_init/runtime_init.c.obj
 .debug_info    0x00015f89      0x780 CMakeFiles/pwm_freq_multiplier_pio.dir/home/hxu256/.pico-sdk/sdk/2.0.0/src/rp2_common/pico_runtime_init/runtime_init_clocks.c.obj
 .debug_info    0x00016709       0x23 CMakeFiles/pwm_freq_multiplier_pio.dir/home/hxu256/.pico-sdk/sdk/2.0.0/src/rp2_common/pico_bit_ops/bit_ops_aeabi.S.obj
 .debug_info    0x0001672c      0x50f CMakeFiles/pwm_freq_multiplier_pio.dir/home/hxu256/.pico-sdk/sdk/2.0.0/src/rp2_common/pico_bootrom/bootrom.c.obj
 .debug_info    0x00016c3b       0x23 CMakeFiles/pwm_freq_multiplier_pio.dir/home/hxu256/.pico-sdk/sdk/2.0.0/src/rp2_common/pico_divider/divider_hardware.S.obj
 .debug_info    0x00016c5e       0x23 CMakeFiles/pwm_freq_multiplier_pio.dir/home/hxu256/.pico-sdk/sdk/2.0.0/src/rp2_common/pico_double/double_aeabi_rp2040.S.obj
 .debug_info    0x00016c81      0x283 CMakeFiles/pwm_freq_multiplier_pio.dir/home/hxu256/.pico-sdk/sdk/2.0.0/src/rp2_common/pico_double/double_init_rom_rp2040.c.obj
 .debug_info    0x00016f04       0x23 CMakeFiles/pwm_freq_multiplier_pio.dir/home/hxu256/.pico-sdk/sdk/2.0.0/src/rp2_common/pico_double/double_v1_rom_shim_rp2040.S.obj
 .debug_info    0x00016f27       0x23 CMakeFiles/pwm_freq_multiplier_pio.dir/home/hxu256/.pico-sdk/sdk/2.0.0/src/rp2_common/pico_float/float_aeabi_rp2040.S.obj
 .debug_info    0x00016f4a      0x283 CMakeFiles/pwm_freq_multiplier_pio.dir/home/hxu256/.pico-sdk/sdk/2.0.0/src/rp2_common/pico_float/float_init_rom_rp2040.c.obj
 .debug_info    0x000171cd       0x23 CMakeFiles/pwm_freq_multiplier_pio.dir/home/hxu256/.pico-sdk/sdk/2.0.0/src/rp2_common/pico_float/float_v1_rom_shim_rp2040.S.obj
 .debug_info    0x000171f0       0x23 CMakeFiles/pwm_freq_multiplier_pio.dir/home/hxu256/.pico-sdk/sdk/2.0.0/src/rp2_common/pico_mem_ops/mem_ops_aeabi.S.obj
 .debug_info    0x00017213      0x2b8 CMakeFiles/pwm_freq_multiplier_pio.dir/home/hxu256/.pico-sdk/sdk/2.0.0/src/rp2_common/pico_standard_binary_info/standard_binary_info.c.obj
 .debug_info    0x000174cb     0x211a CMakeFiles/pwm_freq_multiplier_pio.dir/home/hxu256/.pico-sdk/sdk/2.0.0/src/rp2_common/pico_printf/printf.c.obj
 .debug_info    0x000195e5       0x23 CMakeFiles/pwm_freq_multiplier_pio.dir/home/hxu256/.pico-sdk/sdk/2.0.0/src/rp2_common/pico_crt0/crt0.S.obj
 .debug_info    0x00019608      0xb54 CMakeFiles/pwm_freq_multiplier_pio.dir/home/hxu256/.pico-sdk/sdk/2.0.0/src/rp2_common/pico_clib_interface/newlib_interface.c.obj
 .debug_info    0x0001a15c     0x1cdd CMakeFiles/pwm_freq_multiplier_pio.dir/home/hxu256/.pico-sdk/sdk/2.0.0/src/rp2_common/pico_stdio/stdio.c.obj
 .debug_info    0x0001be39     0x150a CMakeFiles/pwm_freq_multiplier_pio.dir/home/hxu256/.pico-sdk/sdk/2.0.0/src/rp2_common/pico_stdio_uart/stdio_uart.c.obj
 .debug_info    0x0001d343     0x29b9 CMakeFiles/pwm_freq_multiplier_pio.dir/home/hxu256/.pico-sdk/sdk/2.0.0/src/rp2_common/hardware_pio/pio.c.obj

.debug_abbrev   0x00000000     0x5902
 .debug_abbrev  0x00000000      0x417 CMakeFiles/pwm_freq_multiplier_pio.dir/pwm_freq_multiplier_pio.c.obj
 .debug_abbrev  0x00000417      0x4f9 CMakeFiles/pwm_freq_multiplier_pio.dir/home/hxu256/.pico-sdk/sdk/2.0.0/src/rp2_common/hardware_gpio/gpio.c.obj
 .debug_abbrev  0x00000910      0x12b CMakeFiles/pwm_freq_multiplier_pio.dir/home/hxu256/.pico-sdk/sdk/2.0.0/src/rp2_common/pico_platform_panic/panic.c.obj
 .debug_abbrev  0x00000a3b      0x33b CMakeFiles/pwm_freq_multiplier_pio.dir/home/hxu256/.pico-sdk/sdk/2.0.0/src/common/hardware_claim/claim.c.obj
 .debug_abbrev  0x00000d76      0x20d CMakeFiles/pwm_freq_multiplier_pio.dir/home/hxu256/.pico-sdk/sdk/2.0.0/src/rp2_common/hardware_sync/sync.c.obj
 .debug_abbrev  0x00000f83      0x1bb CMakeFiles/pwm_freq_multiplier_pio.dir/home/hxu256/.pico-sdk/sdk/2.0.0/src/rp2_common/hardware_sync_spin_lock/sync_spin_lock.c.obj
 .debug_abbrev  0x0000113e      0x5ff CMakeFiles/pwm_freq_multiplier_pio.dir/home/hxu256/.pico-sdk/sdk/2.0.0/src/rp2_common/hardware_irq/irq.c.obj
 .debug_abbrev  0x0000173d       0xee CMakeFiles/pwm_freq_multiplier_pio.dir/home/hxu256/.pico-sdk/sdk/2.0.0/src/common/pico_sync/lock_core.c.obj
 .debug_abbrev  0x0000182b      0x48c CMakeFiles/pwm_freq_multiplier_pio.dir/home/hxu256/.pico-sdk/sdk/2.0.0/src/common/pico_sync/mutex.c.obj
 .debug_abbrev  0x00001cb7      0x672 CMakeFiles/pwm_freq_multiplier_pio.dir/home/hxu256/.pico-sdk/sdk/2.0.0/src/common/pico_time/time.c.obj
 .debug_abbrev  0x00002329      0x503 CMakeFiles/pwm_freq_multiplier_pio.dir/home/hxu256/.pico-sdk/sdk/2.0.0/src/rp2_common/hardware_timer/timer.c.obj
 .debug_abbrev  0x0000282c      0x365 CMakeFiles/pwm_freq_multiplier_pio.dir/home/hxu256/.pico-sdk/sdk/2.0.0/src/rp2_common/hardware_uart/uart.c.obj
 .debug_abbrev  0x00002b91      0x4e2 CMakeFiles/pwm_freq_multiplier_pio.dir/home/hxu256/.pico-sdk/sdk/2.0.0/src/rp2_common/hardware_clocks/clocks.c.obj
 .debug_abbrev  0x00003073      0x1d2 CMakeFiles/pwm_freq_multiplier_pio.dir/home/hxu256/.pico-sdk/sdk/2.0.0/src/rp2_common/hardware_pll/pll.c.obj
 .debug_abbrev  0x00003245      0x145 CMakeFiles/pwm_freq_multiplier_pio.dir/home/hxu256/.pico-sdk/sdk/2.0.0/src/rp2_common/hardware_ticks/ticks.c.obj
 .debug_abbrev  0x0000338a      0x11b CMakeFiles/pwm_freq_multiplier_pio.dir/home/hxu256/.pico-sdk/sdk/2.0.0/src/rp2_common/hardware_xosc/xosc.c.obj
 .debug_abbrev  0x000034a5      0x182 CMakeFiles/pwm_freq_multiplier_pio.dir/home/hxu256/.pico-sdk/sdk/2.0.0/src/rp2_common/pico_runtime/runtime.c.obj
 .debug_abbrev  0x00003627      0x222 CMakeFiles/pwm_freq_multiplier_pio.dir/home/hxu256/.pico-sdk/sdk/2.0.0/src/rp2_common/pico_runtime_init/runtime_init.c.obj
 .debug_abbrev  0x00003849      0x294 CMakeFiles/pwm_freq_multiplier_pio.dir/home/hxu256/.pico-sdk/sdk/2.0.0/src/rp2_common/pico_runtime_init/runtime_init_clocks.c.obj
 .debug_abbrev  0x00003add       0x12 CMakeFiles/pwm_freq_multiplier_pio.dir/home/hxu256/.pico-sdk/sdk/2.0.0/src/rp2_common/pico_bit_ops/bit_ops_aeabi.S.obj
 .debug_abbrev  0x00003aef      0x1b9 CMakeFiles/pwm_freq_multiplier_pio.dir/home/hxu256/.pico-sdk/sdk/2.0.0/src/rp2_common/pico_bootrom/bootrom.c.obj
 .debug_abbrev  0x00003ca8       0x12 CMakeFiles/pwm_freq_multiplier_pio.dir/home/hxu256/.pico-sdk/sdk/2.0.0/src/rp2_common/pico_divider/divider_hardware.S.obj
 .debug_abbrev  0x00003cba       0x12 CMakeFiles/pwm_freq_multiplier_pio.dir/home/hxu256/.pico-sdk/sdk/2.0.0/src/rp2_common/pico_double/double_aeabi_rp2040.S.obj
 .debug_abbrev  0x00003ccc      0x17a CMakeFiles/pwm_freq_multiplier_pio.dir/home/hxu256/.pico-sdk/sdk/2.0.0/src/rp2_common/pico_double/double_init_rom_rp2040.c.obj
 .debug_abbrev  0x00003e46       0x12 CMakeFiles/pwm_freq_multiplier_pio.dir/home/hxu256/.pico-sdk/sdk/2.0.0/src/rp2_common/pico_double/double_v1_rom_shim_rp2040.S.obj
 .debug_abbrev  0x00003e58       0x12 CMakeFiles/pwm_freq_multiplier_pio.dir/home/hxu256/.pico-sdk/sdk/2.0.0/src/rp2_common/pico_float/float_aeabi_rp2040.S.obj
 .debug_abbrev  0x00003e6a      0x173 CMakeFiles/pwm_freq_multiplier_pio.dir/home/hxu256/.pico-sdk/sdk/2.0.0/src/rp2_common/pico_float/float_init_rom_rp2040.c.obj
 .debug_abbrev  0x00003fdd       0x12 CMakeFiles/pwm_freq_multiplier_pio.dir/home/hxu256/.pico-sdk/sdk/2.0.0/src/rp2_common/pico_float/float_v1_rom_shim_rp2040.S.obj
 .debug_abbrev  0x00003fef       0x12 CMakeFiles/pwm_freq_multiplier_pio.dir/home/hxu256/.pico-sdk/sdk/2.0.0/src/rp2_common/pico_mem_ops/mem_ops_aeabi.S.obj
 .debug_abbrev  0x00004001       0xb8 CMakeFiles/pwm_freq_multiplier_pio.dir/home/hxu256/.pico-sdk/sdk/2.0.0/src/rp2_common/pico_standard_binary_info/standard_binary_info.c.obj
 .debug_abbrev  0x000040b9      0x525 CMakeFiles/pwm_freq_multiplier_pio.dir/home/hxu256/.pico-sdk/sdk/2.0.0/src/rp2_common/pico_printf/printf.c.obj
 .debug_abbrev  0x000045de       0x12 CMakeFiles/pwm_freq_multiplier_pio.dir/home/hxu256/.pico-sdk/sdk/2.0.0/src/rp2_common/pico_crt0/crt0.S.obj
 .debug_abbrev  0x000045f0      0x352 CMakeFiles/pwm_freq_multiplier_pio.dir/home/hxu256/.pico-sdk/sdk/2.0.0/src/rp2_common/pico_clib_interface/newlib_interface.c.obj
 .debug_abbrev  0x00004942      0x5eb CMakeFiles/pwm_freq_multiplier_pio.dir/home/hxu256/.pico-sdk/sdk/2.0.0/src/rp2_common/pico_stdio/stdio.c.obj
 .debug_abbrev  0x00004f2d      0x4b3 CMakeFiles/pwm_freq_multiplier_pio.dir/home/hxu256/.pico-sdk/sdk/2.0.0/src/rp2_common/pico_stdio_uart/stdio_uart.c.obj
 .debug_abbrev  0x000053e0      0x522 CMakeFiles/pwm_freq_multiplier_pio.dir/home/hxu256/.pico-sdk/sdk/2.0.0/src/rp2_common/hardware_pio/pio.c.obj

.debug_loclists
                0x00000000    0x12103
 .debug_loclists
                0x00000000      0x38a CMakeFiles/pwm_freq_multiplier_pio.dir/pwm_freq_multiplier_pio.c.obj
 .debug_loclists
                0x0000038a     0x1a03 CMakeFiles/pwm_freq_multiplier_pio.dir/home/hxu256/.pico-sdk/sdk/2.0.0/src/rp2_common/hardware_gpio/gpio.c.obj
 .debug_loclists
                0x00001d8d      0x36e CMakeFiles/pwm_freq_multiplier_pio.dir/home/hxu256/.pico-sdk/sdk/2.0.0/src/common/hardware_claim/claim.c.obj
 .debug_loclists
                0x000020fb       0xf1 CMakeFiles/pwm_freq_multiplier_pio.dir/home/hxu256/.pico-sdk/sdk/2.0.0/src/rp2_common/hardware_sync/sync.c.obj
 .debug_loclists
                0x000021ec       0x7d CMakeFiles/pwm_freq_multiplier_pio.dir/home/hxu256/.pico-sdk/sdk/2.0.0/src/rp2_common/hardware_sync_spin_lock/sync_spin_lock.c.obj
 .debug_loclists
                0x00002269     0x116f CMakeFiles/pwm_freq_multiplier_pio.dir/home/hxu256/.pico-sdk/sdk/2.0.0/src/rp2_common/hardware_irq/irq.c.obj
 .debug_loclists
                0x000033d8       0x41 CMakeFiles/pwm_freq_multiplier_pio.dir/home/hxu256/.pico-sdk/sdk/2.0.0/src/common/pico_sync/lock_core.c.obj
 .debug_loclists
                0x00003419      0xafa CMakeFiles/pwm_freq_multiplier_pio.dir/home/hxu256/.pico-sdk/sdk/2.0.0/src/common/pico_sync/mutex.c.obj
 .debug_loclists
                0x00003f13     0x259c CMakeFiles/pwm_freq_multiplier_pio.dir/home/hxu256/.pico-sdk/sdk/2.0.0/src/common/pico_time/time.c.obj
 .debug_loclists
                0x000064af     0x19ea CMakeFiles/pwm_freq_multiplier_pio.dir/home/hxu256/.pico-sdk/sdk/2.0.0/src/rp2_common/hardware_timer/timer.c.obj
 .debug_loclists
                0x00007e99      0xc90 CMakeFiles/pwm_freq_multiplier_pio.dir/home/hxu256/.pico-sdk/sdk/2.0.0/src/rp2_common/hardware_uart/uart.c.obj
 .debug_loclists
                0x00008b29     0x28a5 CMakeFiles/pwm_freq_multiplier_pio.dir/home/hxu256/.pico-sdk/sdk/2.0.0/src/rp2_common/hardware_clocks/clocks.c.obj
 .debug_loclists
                0x0000b3ce      0x1e0 CMakeFiles/pwm_freq_multiplier_pio.dir/home/hxu256/.pico-sdk/sdk/2.0.0/src/rp2_common/hardware_pll/pll.c.obj
 .debug_loclists
                0x0000b5ae       0x47 CMakeFiles/pwm_freq_multiplier_pio.dir/home/hxu256/.pico-sdk/sdk/2.0.0/src/rp2_common/hardware_ticks/ticks.c.obj
 .debug_loclists
                0x0000b5f5       0x48 CMakeFiles/pwm_freq_multiplier_pio.dir/home/hxu256/.pico-sdk/sdk/2.0.0/src/rp2_common/hardware_xosc/xosc.c.obj
 .debug_loclists
                0x0000b63d       0x7e CMakeFiles/pwm_freq_multiplier_pio.dir/home/hxu256/.pico-sdk/sdk/2.0.0/src/rp2_common/pico_runtime/runtime.c.obj
 .debug_loclists
                0x0000b6bb       0xba CMakeFiles/pwm_freq_multiplier_pio.dir/home/hxu256/.pico-sdk/sdk/2.0.0/src/rp2_common/pico_runtime_init/runtime_init.c.obj
 .debug_loclists
                0x0000b775       0x74 CMakeFiles/pwm_freq_multiplier_pio.dir/home/hxu256/.pico-sdk/sdk/2.0.0/src/rp2_common/pico_runtime_init/runtime_init_clocks.c.obj
 .debug_loclists
                0x0000b7e9      0x2ba CMakeFiles/pwm_freq_multiplier_pio.dir/home/hxu256/.pico-sdk/sdk/2.0.0/src/rp2_common/pico_bootrom/bootrom.c.obj
 .debug_loclists
                0x0000baa3       0x3d CMakeFiles/pwm_freq_multiplier_pio.dir/home/hxu256/.pico-sdk/sdk/2.0.0/src/rp2_common/pico_double/double_init_rom_rp2040.c.obj
 .debug_loclists
                0x0000bae0       0x59 CMakeFiles/pwm_freq_multiplier_pio.dir/home/hxu256/.pico-sdk/sdk/2.0.0/src/rp2_common/pico_float/float_init_rom_rp2040.c.obj
 .debug_loclists
                0x0000bb39     0x2f65 CMakeFiles/pwm_freq_multiplier_pio.dir/home/hxu256/.pico-sdk/sdk/2.0.0/src/rp2_common/pico_printf/printf.c.obj
 .debug_loclists
                0x0000ea9e      0x431 CMakeFiles/pwm_freq_multiplier_pio.dir/home/hxu256/.pico-sdk/sdk/2.0.0/src/rp2_common/pico_clib_interface/newlib_interface.c.obj
 .debug_loclists
                0x0000eecf      0xeab CMakeFiles/pwm_freq_multiplier_pio.dir/home/hxu256/.pico-sdk/sdk/2.0.0/src/rp2_common/pico_stdio/stdio.c.obj
 .debug_loclists
                0x0000fd7a      0x729 CMakeFiles/pwm_freq_multiplier_pio.dir/home/hxu256/.pico-sdk/sdk/2.0.0/src/rp2_common/pico_stdio_uart/stdio_uart.c.obj
 .debug_loclists
                0x000104a3     0x1c60 CMakeFiles/pwm_freq_multiplier_pio.dir/home/hxu256/.pico-sdk/sdk/2.0.0/src/rp2_common/hardware_pio/pio.c.obj

.debug_aranges  0x00000000      0xfc0
 .debug_aranges
                0x00000000       0x28 CMakeFiles/pwm_freq_multiplier_pio.dir/pwm_freq_multiplier_pio.c.obj
 .debug_aranges
                0x00000028      0x120 CMakeFiles/pwm_freq_multiplier_pio.dir/home/hxu256/.pico-sdk/sdk/2.0.0/src/rp2_common/hardware_gpio/gpio.c.obj
 .debug_aranges
                0x00000148       0x28 CMakeFiles/pwm_freq_multiplier_pio.dir/home/hxu256/.pico-sdk/sdk/2.0.0/src/rp2_common/pico_platform_panic/panic.c.obj
 .debug_aranges
                0x00000170       0x48 CMakeFiles/pwm_freq_multiplier_pio.dir/home/hxu256/.pico-sdk/sdk/2.0.0/src/common/hardware_claim/claim.c.obj
 .debug_aranges
                0x000001b8       0x48 CMakeFiles/pwm_freq_multiplier_pio.dir/home/hxu256/.pico-sdk/sdk/2.0.0/src/rp2_common/hardware_sync/sync.c.obj
 .debug_aranges
                0x00000200       0x28 CMakeFiles/pwm_freq_multiplier_pio.dir/home/hxu256/.pico-sdk/sdk/2.0.0/src/rp2_common/hardware_sync_spin_lock/sync_spin_lock.c.obj
 .debug_aranges
                0x00000228       0xb0 CMakeFiles/pwm_freq_multiplier_pio.dir/home/hxu256/.pico-sdk/sdk/2.0.0/src/rp2_common/hardware_irq/irq.c.obj
 .debug_aranges
                0x000002d8       0x20 CMakeFiles/pwm_freq_multiplier_pio.dir/home/hxu256/.pico-sdk/sdk/2.0.0/src/common/pico_sync/lock_core.c.obj
 .debug_aranges
                0x000002f8       0x98 CMakeFiles/pwm_freq_multiplier_pio.dir/home/hxu256/.pico-sdk/sdk/2.0.0/src/common/pico_sync/mutex.c.obj
 .debug_aranges
                0x00000390       0xe0 CMakeFiles/pwm_freq_multiplier_pio.dir/home/hxu256/.pico-sdk/sdk/2.0.0/src/common/pico_time/time.c.obj
 .debug_aranges
                0x00000470       0xf0 CMakeFiles/pwm_freq_multiplier_pio.dir/home/hxu256/.pico-sdk/sdk/2.0.0/src/rp2_common/hardware_timer/timer.c.obj
 .debug_aranges
                0x00000560       0x58 CMakeFiles/pwm_freq_multiplier_pio.dir/home/hxu256/.pico-sdk/sdk/2.0.0/src/rp2_common/hardware_uart/uart.c.obj
 .debug_aranges
                0x000005b8       0x90 CMakeFiles/pwm_freq_multiplier_pio.dir/home/hxu256/.pico-sdk/sdk/2.0.0/src/rp2_common/hardware_clocks/clocks.c.obj
 .debug_aranges
                0x00000648       0x28 CMakeFiles/pwm_freq_multiplier_pio.dir/home/hxu256/.pico-sdk/sdk/2.0.0/src/rp2_common/hardware_pll/pll.c.obj
 .debug_aranges
                0x00000670       0x30 CMakeFiles/pwm_freq_multiplier_pio.dir/home/hxu256/.pico-sdk/sdk/2.0.0/src/rp2_common/hardware_ticks/ticks.c.obj
 .debug_aranges